 Engine

 Timestamp is 5eaa4904 (Wed Apr 29 23:41:56 2020)

 Preferred load address is 10000000

 Start         Length     Name                   Class
 0001:00000000 0001c998H .text                   CODE
 0001:0001c9a0 00001150H .text$x                 CODE
 0001:0001daf0 000004e8H .text$yc                CODE
 0001:0001dfe0 0000043eH .text$yd                CODE
 0002:00000000 00000288H .idata$5                DATA
 0002:00000288 00000004H .CRT$XCA                DATA
 0002:0000028c 00000004H .CRT$XCL                DATA
 0002:00000290 00000060H .CRT$XCU                DATA
 0002:000002f0 00000004H .CRT$XCZ                DATA
 0002:000002f4 00000004H .CRT$XIA                DATA
 0002:000002f8 00000004H .CRT$XIAA               DATA
 0002:000002fc 00000004H .CRT$XIZ                DATA
 0002:00000300 000063e0H .rdata                  DATA
 0002:000066e0 00000039H .rdata$debug            DATA
 0002:0000671c 000005a4H .rdata$r                DATA
 0002:00006cc0 00000114H .rdata$sxdata           DATA
 0002:00006dd4 00000004H .rtc$IAA                DATA
 0002:00006dd8 00000004H .rtc$IZZ                DATA
 0002:00006ddc 00000004H .rtc$TAA                DATA
 0002:00006de0 00000004H .rtc$TZZ                DATA
 0002:00006de8 0000144cH .xdata$x                DATA
 0002:00008234 00000078H .idata$2                DATA
 0002:000082ac 00000014H .idata$3                DATA
 0002:000082c0 00000288H .idata$4                DATA
 0002:00008548 000012d0H .idata$6                DATA
 0002:00009820 00006208H .edata                  DATA
 0003:00000000 00001aa0H .data                   DATA
 0003:00001aa0 00001544H .bss                    DATA

  Address         Publics by Value              Rva+Base       Lib:Object

 0000:00000000       __except_list              00000000     <absolute>
 0000:00000045       ___safe_se_handler_count   00000045     <absolute>
 0000:00009876       __ldused                   00009876     <absolute>
 0000:00009876       __fltused                  00009876     <absolute>
 0000:00000000       ___ImageBase               10000000     <linker-defined>
 0001:00000000       ??1bad_alloc@std@@UAE@XZ   10001000 f i base64.obj
 0001:00000010       ??_Gbad_alloc@std@@UAEPAXI@Z 10001010 f i base64.obj
 0001:00000010       ??_Ebad_alloc@std@@UAEPAXI@Z 10001010 f i  CIL library: CIL module
 0001:00000040       ?compare@?$char_traits@D@std@@SAHPBD0I@Z 10001040 f i base64.obj
 0001:000000c0       ?base64_decode@@YA?AV?$basic_string@DU?$char_traits@D@std@@V?$allocator@D@2@@std@@ABV12@@Z 100010c0 f   base64.obj
 0001:000003b0       ??0?$basic_string@DU?$char_traits@D@std@@V?$allocator@D@2@@std@@QAE@PBD@Z 100013b0 f i base64.obj
 0001:000003f0       ??1?$basic_string@DU?$char_traits@D@std@@V?$allocator@D@2@@std@@QAE@XZ 100013f0 f i base64.obj
 0001:00000420       ?assign@?$basic_string@DU?$char_traits@D@std@@V?$allocator@D@2@@std@@QAEAAV12@$$QAV12@@Z 10001420 f i base64.obj
 0001:00000490       ?append@?$basic_string@DU?$char_traits@D@std@@V?$allocator@D@2@@std@@QAEAAV12@ID@Z 10001490 f i base64.obj
 0001:00000560       ?find@?$basic_string@DU?$char_traits@D@std@@V?$allocator@D@2@@std@@QBEIPBDII@Z 10001560 f i base64.obj
 0001:00000600       ?_Myptr@?$basic_string@DU?$char_traits@D@std@@V?$allocator@D@2@@std@@QBEPBDXZ 10001600 f i base64.obj
 0001:00000610       ?assign@?$basic_string@DU?$char_traits@D@std@@V?$allocator@D@2@@std@@QAEAAV12@PBDI@Z 10001610 f i base64.obj
 0001:000006e0       ?_Grow@?$basic_string@DU?$char_traits@D@std@@V?$allocator@D@2@@std@@QAE_NI_N@Z 100016e0 f i base64.obj
 0001:00000790       ?assign@?$basic_string@DU?$char_traits@D@std@@V?$allocator@D@2@@std@@QAEAAV12@ABV12@II@Z 10001790 f i base64.obj
 0001:00000870       ?_Copy@?$basic_string@DU?$char_traits@D@std@@V?$allocator@D@2@@std@@QAEXII@Z 10001870 f i base64.obj
 0001:000009e0       ?erase@?$basic_string@DU?$char_traits@D@std@@V?$allocator@D@2@@std@@QAEAAV12@II@Z 100019e0 f i base64.obj
 0001:00000a60       ?allocate@?$allocator@D@std@@QAEPADI@Z 10001a60 f i base64.obj
 0001:00000ab0       ??0bad_alloc@std@@QAE@ABV01@@Z 10001ab0 f i base64.obj
 0001:00000ad0       ??3@YAXPAX0@Z              10001ad0 f i Buff.obj
 0001:00000ae0       ?hash_code@type_info@@QBEIXZ 10001ae0 f i Buff.obj
 0001:00000b40       ??0InterfaceManager@@QAE@XZ 10001b40 f i Buff.obj
 0001:00000c30       ?_GetInstance@InterfaceManager@@SAPAV1@XZ 10001c30 f i Buff.obj
 0001:00000cb0       ??1?$map@IPAXU?$less@I@std@@V?$allocator@U?$pair@$$CBIPAX@std@@@2@@std@@QAE@XZ 10001cb0 f i Buff.obj
 0001:00000d10       ?SetBuff@@YIHPAX0HH_JDHHHHHH@Z 10001d10 f   Buff.obj
 0001:00000db0       ??A?$map@IPAXU?$less@I@std@@V?$allocator@U?$pair@$$CBIPAX@std@@@2@@std@@QAEAAPAXABI@Z 10001db0 f i Buff.obj
 0001:00000e30       ?clear@?$_Tree@V?$_Tmap_traits@IPAXU?$less@I@std@@V?$allocator@U?$pair@$$CBIPAX@std@@@2@$0A@@std@@@std@@QAEXXZ 10001e30 f i Buff.obj
 0001:00000e80       ??0?$Interface@VITools@@@@QAE@XZ 10001e80 f i Buff.obj
 0001:00000f00       ?_Erase@?$_Tree@V?$_Tmap_traits@IPAXU?$less@I@std@@V?$allocator@U?$pair@$$CBIPAX@std@@@2@$0A@@std@@@std@@IAEXPAU_Node@?$_Tree_nod@V?$_Tmap_traits@IPAXU?$less@I@std@@V?$allocator@U?$pair@$$CBIPAX@std@@@2@$0A@@std@@@2@@Z 10001f00 f i Buff.obj
 0001:00000f40       ??1?$_Tree_val@V?$_Tmap_traits@HV?$basic_string@DU?$char_traits@D@std@@V?$allocator@D@2@@std@@U?$less@H@2@V?$allocator@U?$pair@$$CBHV?$basic_string@DU?$char_traits@D@std@@V?$allocator@D@2@@std@@@std@@@2@$0A@@std@@@std@@QAE@XZ 10001f40 f i Packets.obj
 0001:00000f40       ??1?$_Tree_val@V?$_Tmap_traits@IPAXU?$less@I@std@@V?$allocator@U?$pair@$$CBIPAX@std@@@2@$0A@@std@@@std@@QAE@XZ 10001f40 f i Buff.obj
 0001:00000f50       ?erase@?$_Tree@V?$_Tmap_traits@IPAXU?$less@I@std@@V?$allocator@U?$pair@$$CBIPAX@std@@@2@$0A@@std@@@std@@QAE?AV?$_Tree_iterator@V?$_Tree_val@V?$_Tmap_traits@IPAXU?$less@I@std@@V?$allocator@U?$pair@$$CBIPAX@std@@@2@$0A@@std@@@std@@@2@V?$_Tree_const_iterator@V?$_Tree_val@V?$_Tmap_traits@IPAXU?$less@I@std@@V?$allocator@U?$pair@$$CBIPAX@std@@@2@$0A@@std@@@std@@@2@0@Z 10001f50 f i Buff.obj
 0001:00000ff0       ?_Eqrange@?$_Tree@V?$_Tmap_traits@IPAXU?$less@I@std@@V?$allocator@U?$pair@$$CBIPAX@std@@@2@$0A@@std@@@std@@IBE?AU?$pair@V?$_Tree_const_iterator@V?$_Tree_val@V?$_Tmap_traits@IPAXU?$less@I@std@@V?$allocator@U?$pair@$$CBIPAX@std@@@2@$0A@@std@@@std@@@std@@V12@@2@ABI@Z 10001ff0 f i Buff.obj
 0001:00001080       ?erase@?$_Tree@V?$_Tmap_traits@IPAXU?$less@I@std@@V?$allocator@U?$pair@$$CBIPAX@std@@@2@$0A@@std@@@std@@QAE?AV?$_Tree_iterator@V?$_Tree_val@V?$_Tmap_traits@IPAXU?$less@I@std@@V?$allocator@U?$pair@$$CBIPAX@std@@@2@$0A@@std@@@std@@@2@V?$_Tree_const_iterator@V?$_Tree_val@V?$_Tmap_traits@IPAXU?$less@I@std@@V?$allocator@U?$pair@$$CBIPAX@std@@@2@$0A@@std@@@std@@@2@@Z 10002080 f i Buff.obj
 0001:000012e0       ?_Lrotate@?$_Tree@V?$_Tmap_traits@IPAXU?$less@I@std@@V?$allocator@U?$pair@$$CBIPAX@std@@@2@$0A@@std@@@std@@IAEXPAU_Node@?$_Tree_nod@V?$_Tmap_traits@IPAXU?$less@I@std@@V?$allocator@U?$pair@$$CBIPAX@std@@@2@$0A@@std@@@2@@Z 100022e0 f i Buff.obj
 0001:00001340       ?_Rrotate@?$_Tree@V?$_Tmap_traits@IPAXU?$less@I@std@@V?$allocator@U?$pair@$$CBIPAX@std@@@2@$0A@@std@@@std@@IAEXPAU_Node@?$_Tree_nod@V?$_Tmap_traits@IPAXU?$less@I@std@@V?$allocator@U?$pair@$$CBIPAX@std@@@2@$0A@@std@@@2@@Z 10002340 f i Buff.obj
 0001:000013a0       ?_Max@?$_Tree_val@V?$_Tmap_traits@IPAXU?$less@I@std@@V?$allocator@U?$pair@$$CBIPAX@std@@@2@$0A@@std@@@std@@SAPAU_Node@?$_Tree_nod@V?$_Tmap_traits@IPAXU?$less@I@std@@V?$allocator@U?$pair@$$CBIPAX@std@@@2@$0A@@std@@@2@PAU342@@Z 100023a0 f i Buff.obj
 0001:000013c0       ??E?$_Tree_unchecked_const_iterator@V?$_Tree_val@V?$_Tmap_traits@IPAXU?$less@I@std@@V?$allocator@U?$pair@$$CBIPAX@std@@@2@$0A@@std@@@std@@U_Iterator_base0@2@@std@@QAEAAV01@XZ 100023c0 f i Buff.obj
 0001:00001410       ?_Insert@?$_Tree@V?$_Tmap_traits@IPAXU?$less@I@std@@V?$allocator@U?$pair@$$CBIPAX@std@@@2@$0A@@std@@@std@@QAE?AV?$_Tree_iterator@V?$_Tree_val@V?$_Tmap_traits@IPAXU?$less@I@std@@V?$allocator@U?$pair@$$CBIPAX@std@@@2@$0A@@std@@@std@@@2@V?$_Tree_const_iterator@V?$_Tree_val@V?$_Tmap_traits@IPAXU?$less@I@std@@V?$allocator@U?$pair@$$CBIPAX@std@@@2@$0A@@std@@@std@@@2@PAU_Node@?$_Tree_nod@V?$_Tmap_traits@IPAXU?$less@I@std@@V?$allocator@U?$pair@$$CBIPAX@std@@@2@$0A@@std@@@2@@Z 10002410 f i Buff.obj
 0001:00001530       ?_Linsert@?$_Tree@V?$_Tmap_traits@IPAXU?$less@I@std@@V?$allocator@U?$pair@$$CBIPAX@std@@@2@$0A@@std@@@std@@QAE?AU?$pair@V?$_Tree_iterator@V?$_Tree_val@V?$_Tmap_traits@IPAXU?$less@I@std@@V?$allocator@U?$pair@$$CBIPAX@std@@@2@$0A@@std@@@std@@@std@@_N@2@PAU_Node@?$_Tree_nod@V?$_Tmap_traits@IPAXU?$less@I@std@@V?$allocator@U?$pair@$$CBIPAX@std@@@2@$0A@@std@@@2@_N@Z 10002530 f i Buff.obj
 0001:00001600       ?_Insert@?$_Tree@V?$_Tmap_traits@IPAXU?$less@I@std@@V?$allocator@U?$pair@$$CBIPAX@std@@@2@$0A@@std@@@std@@IAE?AV?$_Tree_iterator@V?$_Tree_val@V?$_Tmap_traits@IPAXU?$less@I@std@@V?$allocator@U?$pair@$$CBIPAX@std@@@2@$0A@@std@@@std@@@2@_NPAU_Node@?$_Tree_nod@V?$_Tmap_traits@IPAXU?$less@I@std@@V?$allocator@U?$pair@$$CBIPAX@std@@@2@$0A@@std@@@2@1@Z 10002600 f i Buff.obj
 0001:00001820       ??F?$_Tree_unchecked_const_iterator@V?$_Tree_val@V?$_Tmap_traits@IPAXU?$less@I@std@@V?$allocator@U?$pair@$$CBIPAX@std@@@2@$0A@@std@@@std@@U_Iterator_base0@2@@std@@QAEAAV01@XZ 10002820 f i Buff.obj
 0001:00001880       ??$_Buynode@U?$pair@$$CBIPAX@std@@@?$_Tree_val@V?$_Tmap_traits@IPAXU?$less@I@std@@V?$allocator@U?$pair@$$CBIPAX@std@@@2@$0A@@std@@@std@@QAEPAU_Node@?$_Tree_nod@V?$_Tmap_traits@IPAXU?$less@I@std@@V?$allocator@U?$pair@$$CBIPAX@std@@@2@$0A@@std@@@1@$$QAU?$pair@$$CBIPAX@1@@Z 10002880 f i Buff.obj
 0001:000018f0       ??$_Distance2@V?$_Tree_const_iterator@V?$_Tree_val@V?$_Tmap_traits@IPAXU?$less@I@std@@V?$allocator@U?$pair@$$CBIPAX@std@@@2@$0A@@std@@@std@@@std@@I@std@@YAXV?$_Tree_const_iterator@V?$_Tree_val@V?$_Tmap_traits@IPAXU?$less@I@std@@V?$allocator@U?$pair@$$CBIPAX@std@@@2@$0A@@std@@@std@@@0@0AAIUbidirectional_iterator_tag@0@@Z 100028f0 f i Buff.obj
 0001:00001960       ?Display@IChatbox@@QAEXV?$basic_string@DU?$char_traits@D@std@@V?$allocator@D@2@@std@@@Z 10002960 f   Chatbox.obj
 0001:00001a00       ?EnterText@IChatbox@@QAEHV?$basic_string@DU?$char_traits@D@std@@V?$allocator@D@2@@std@@@Z 10002a00 f   Chatbox.obj
 0001:00001f10       ?substr@?$basic_string@DU?$char_traits@D@std@@V?$allocator@D@2@@std@@QBE?AV12@II@Z 10002f10 f i Chatbox.obj
 0001:00001f40       ?push_front@?$list@V?$basic_string@DU?$char_traits@D@std@@V?$allocator@D@2@@std@@V?$allocator@V?$basic_string@DU?$char_traits@D@std@@V?$allocator@D@2@@std@@@2@@std@@QAEXABV?$basic_string@DU?$char_traits@D@std@@V?$allocator@D@2@@2@@Z 10002f40 f i Chatbox.obj
 0001:00001f80       ?pop_back@?$list@V?$basic_string@DU?$char_traits@D@std@@V?$allocator@D@2@@std@@V?$allocator@V?$basic_string@DU?$char_traits@D@std@@V?$allocator@D@2@@std@@@2@@std@@QAEXXZ 10002f80 f i Chatbox.obj
 0001:00001fd0       ?clear@?$list@V?$basic_string@DU?$char_traits@D@std@@V?$allocator@D@2@@std@@V?$allocator@V?$basic_string@DU?$char_traits@D@std@@V?$allocator@D@2@@std@@@2@@std@@QAEXXZ 10002fd0 f i Chatbox.obj
 0001:00002030       ?Create@?$Interface@VIChatbox@@@@SAXXZ 10003030 f i Chatbox.obj
 0001:00002140       ??0?$Interface@VIChatbox@@@@QAE@XZ 10003140 f i Chatbox.obj
 0001:000021c0       ??0?$Interface@VIGraphics@@@@QAE@XZ 100031c0 f i Chatbox.obj
 0001:00002240       ??1?$vector@V?$basic_string@DU?$char_traits@D@std@@V?$allocator@D@2@@std@@V?$allocator@V?$basic_string@DU?$char_traits@D@std@@V?$allocator@D@2@@std@@@2@@std@@QAE@XZ 10003240 f i Chatbox.obj
 0001:00002280       ?_Buynode@?$_List_val@V?$basic_string@DU?$char_traits@D@std@@V?$allocator@D@2@@std@@V?$allocator@V?$basic_string@DU?$char_traits@D@std@@V?$allocator@D@2@@std@@@2@@std@@QAEPAU_Node@?$_List_nod@V?$basic_string@DU?$char_traits@D@std@@V?$allocator@D@2@@std@@V?$allocator@V?$basic_string@DU?$char_traits@D@std@@V?$allocator@D@2@@std@@@2@@2@PAU342@0ABV?$basic_string@DU?$char_traits@D@std@@V?$allocator@D@2@@2@@Z 10003280 f i Chatbox.obj
 0001:00002350       ?_Destroy@?$vector@V?$basic_string@DU?$char_traits@D@std@@V?$allocator@D@2@@std@@V?$allocator@V?$basic_string@DU?$char_traits@D@std@@V?$allocator@D@2@@std@@@2@@std@@IAEXPAV?$basic_string@DU?$char_traits@D@std@@V?$allocator@D@2@@2@0@Z 10003350 f i Chatbox.obj
 0001:00002390       ??$?8DU?$char_traits@D@std@@V?$allocator@D@1@@std@@YA_NABV?$basic_string@DU?$char_traits@D@std@@V?$allocator@D@2@@0@PBD@Z 10003390 f i Chatbox.obj
 0001:000023f0       ??$?9DU?$char_traits@D@std@@V?$allocator@D@1@@std@@YA_NABV?$basic_string@DU?$char_traits@D@std@@V?$allocator@D@2@@0@0@Z 100033f0 f i Chatbox.obj
 0001:00002440       ??1locale@std@@QAE@XZ      10003440 f i Engine.obj
 0001:00002470       ?InitializeADVAPI32@@YAXXZ 10003470 f   Engine.obj
 0001:00005f50       ___E__0__@0                10006f50 f   Engine.obj
 0001:00005f60       ___E__1__@0                10006f60 f   Engine.obj
 0001:00005f70       ___E__2__@0                10006f70 f   Engine.obj
 0001:00005f80       ___E__3__@0                10006f80 f   Engine.obj
 0001:00005f90       ___E__4__@0                10006f90 f   Engine.obj
 0001:00005fa0       ___E__5__@0                10006fa0 f   Engine.obj
 0001:00005fb0       ___E__6__@0                10006fb0 f   Engine.obj
 0001:00005fc0       ___E__7__@0                10006fc0 f   Engine.obj
 0001:00005fd0       ___E__8__@0                10006fd0 f   Engine.obj
 0001:00005fe0       ___E__9__@0                10006fe0 f   Engine.obj
 0001:00005ff0       ___E__10__@0               10006ff0 f   Engine.obj
 0001:00006000       ___E__11__@0               10007000 f   Engine.obj
 0001:00006010       ___E__12__@0               10007010 f   Engine.obj
 0001:00006020       ___E__13__@0               10007020 f   Engine.obj
 0001:00006030       ___E__14__@0               10007030 f   Engine.obj
 0001:00006040       ___E__15__@0               10007040 f   Engine.obj
 0001:00006050       ___E__16__@0               10007050 f   Engine.obj
 0001:00006060       ___E__17__@0               10007060 f   Engine.obj
 0001:00006070       ___E__18__@0               10007070 f   Engine.obj
 0001:00006080       ___E__19__@0               10007080 f   Engine.obj
 0001:00006090       ___E__20__@0               10007090 f   Engine.obj
 0001:000060a0       ___E__21__@0               100070a0 f   Engine.obj
 0001:000060b0       ___E__22__@0               100070b0 f   Engine.obj
 0001:000060c0       ___E__23__@0               100070c0 f   Engine.obj
 0001:000060d0       ___E__24__@0               100070d0 f   Engine.obj
 0001:000060e0       ___E__25__@0               100070e0 f   Engine.obj
 0001:000060f0       ___E__26__@0               100070f0 f   Engine.obj
 0001:00006100       ___E__27__@0               10007100 f   Engine.obj
 0001:00006110       ___E__28__@0               10007110 f   Engine.obj
 0001:00006120       ___E__29__@0               10007120 f   Engine.obj
 0001:00006130       ___E__30__@0               10007130 f   Engine.obj
 0001:00006140       ___E__31__@0               10007140 f   Engine.obj
 0001:00006150       ___E__32__@0               10007150 f   Engine.obj
 0001:00006160       ___E__33__@0               10007160 f   Engine.obj
 0001:00006170       ___E__34__@0               10007170 f   Engine.obj
 0001:00006180       ___E__35__@0               10007180 f   Engine.obj
 0001:00006190       ___E__36__@0               10007190 f   Engine.obj
 0001:000061a0       ___E__37__@0               100071a0 f   Engine.obj
 0001:000061b0       ___E__38__@0               100071b0 f   Engine.obj
 0001:000061c0       ___E__39__@0               100071c0 f   Engine.obj
 0001:000061d0       ___E__40__@0               100071d0 f   Engine.obj
 0001:000061e0       ___E__41__@0               100071e0 f   Engine.obj
 0001:000061f0       ___E__42__@0               100071f0 f   Engine.obj
 0001:00006200       ___E__43__@0               10007200 f   Engine.obj
 0001:00006210       ___E__44__@0               10007210 f   Engine.obj
 0001:00006220       ___E__45__@0               10007220 f   Engine.obj
 0001:00006230       ___E__46__@0               10007230 f   Engine.obj
 0001:00006240       ___E__47__@0               10007240 f   Engine.obj
 0001:00006250       ___E__48__@0               10007250 f   Engine.obj
 0001:00006260       ___E__49__@0               10007260 f   Engine.obj
 0001:00006270       ___E__50__@0               10007270 f   Engine.obj
 0001:00006280       ___E__51__@0               10007280 f   Engine.obj
 0001:00006290       ___E__52__@0               10007290 f   Engine.obj
 0001:000062a0       ___E__53__@0               100072a0 f   Engine.obj
 0001:000062b0       ___E__54__@0               100072b0 f   Engine.obj
 0001:000062c0       ___E__55__@0               100072c0 f   Engine.obj
 0001:000062d0       ___E__56__@0               100072d0 f   Engine.obj
 0001:000062e0       ___E__57__@0               100072e0 f   Engine.obj
 0001:000062f0       ___E__58__@0               100072f0 f   Engine.obj
 0001:00006300       ___E__59__@0               10007300 f   Engine.obj
 0001:00006310       ___E__60__@0               10007310 f   Engine.obj
 0001:00006320       ___E__61__@0               10007320 f   Engine.obj
 0001:00006330       ___E__62__@0               10007330 f   Engine.obj
 0001:00006340       ___E__63__@0               10007340 f   Engine.obj
 0001:00006350       ___E__64__@0               10007350 f   Engine.obj
 0001:00006360       ___E__65__@0               10007360 f   Engine.obj
 0001:00006370       ___E__66__@0               10007370 f   Engine.obj
 0001:00006380       ___E__67__@0               10007380 f   Engine.obj
 0001:00006390       ___E__68__@0               10007390 f   Engine.obj
 0001:000063a0       ___E__69__@0               100073a0 f   Engine.obj
 0001:000063b0       ___E__70__@0               100073b0 f   Engine.obj
 0001:000063c0       ___E__71__@0               100073c0 f   Engine.obj
 0001:000063d0       ___E__72__@0               100073d0 f   Engine.obj
 0001:000063e0       ___E__73__@0               100073e0 f   Engine.obj
 0001:000063f0       ___E__74__@0               100073f0 f   Engine.obj
 0001:00006400       ___E__75__@0               10007400 f   Engine.obj
 0001:00006410       ___E__76__@0               10007410 f   Engine.obj
 0001:00006420       ___E__77__@0               10007420 f   Engine.obj
 0001:00006430       ___E__78__@0               10007430 f   Engine.obj
 0001:00006440       ___E__79__@0               10007440 f   Engine.obj
 0001:00006450       ___E__80__@0               10007450 f   Engine.obj
 0001:00006460       ___E__81__@0               10007460 f   Engine.obj
 0001:00006470       ___E__82__@0               10007470 f   Engine.obj
 0001:00006480       ___E__83__@0               10007480 f   Engine.obj
 0001:00006490       ___E__84__@0               10007490 f   Engine.obj
 0001:000064a0       ___E__85__@0               100074a0 f   Engine.obj
 0001:000064b0       ___E__86__@0               100074b0 f   Engine.obj
 0001:000064c0       ___E__87__@0               100074c0 f   Engine.obj
 0001:000064d0       ___E__88__@0               100074d0 f   Engine.obj
 0001:000064e0       ___E__89__@0               100074e0 f   Engine.obj
 0001:000064f0       ___E__90__@0               100074f0 f   Engine.obj
 0001:00006500       ___E__91__@0               10007500 f   Engine.obj
 0001:00006510       ___E__92__@0               10007510 f   Engine.obj
 0001:00006520       ___E__93__@0               10007520 f   Engine.obj
 0001:00006530       ___E__94__@0               10007530 f   Engine.obj
 0001:00006540       ___E__95__@0               10007540 f   Engine.obj
 0001:00006550       ___E__96__@0               10007550 f   Engine.obj
 0001:00006560       ___E__97__@0               10007560 f   Engine.obj
 0001:00006570       ___E__98__@0               10007570 f   Engine.obj
 0001:00006580       ___E__99__@0               10007580 f   Engine.obj
 0001:00006590       ___E__100__@0              10007590 f   Engine.obj
 0001:000065a0       ___E__101__@0              100075a0 f   Engine.obj
 0001:000065b0       ___E__102__@0              100075b0 f   Engine.obj
 0001:000065c0       ___E__103__@0              100075c0 f   Engine.obj
 0001:000065d0       ___E__104__@0              100075d0 f   Engine.obj
 0001:000065e0       ___E__105__@0              100075e0 f   Engine.obj
 0001:000065f0       ___E__106__@0              100075f0 f   Engine.obj
 0001:00006600       ___E__107__@0              10007600 f   Engine.obj
 0001:00006610       ___E__108__@0              10007610 f   Engine.obj
 0001:00006620       ___E__109__@0              10007620 f   Engine.obj
 0001:00006630       ___E__110__@0              10007630 f   Engine.obj
 0001:00006640       ___E__111__@0              10007640 f   Engine.obj
 0001:00006650       ___E__112__@0              10007650 f   Engine.obj
 0001:00006660       ___E__113__@0              10007660 f   Engine.obj
 0001:00006670       ___E__114__@0              10007670 f   Engine.obj
 0001:00006680       ___E__115__@0              10007680 f   Engine.obj
 0001:00006690       ___E__116__@0              10007690 f   Engine.obj
 0001:000066a0       ___E__117__@0              100076a0 f   Engine.obj
 0001:000066b0       ___E__118__@0              100076b0 f   Engine.obj
 0001:000066c0       ___E__119__@0              100076c0 f   Engine.obj
 0001:000066d0       ___E__120__@0              100076d0 f   Engine.obj
 0001:000066e0       ___E__121__@0              100076e0 f   Engine.obj
 0001:000066f0       ___E__122__@0              100076f0 f   Engine.obj
 0001:00006700       ___E__123__@0              10007700 f   Engine.obj
 0001:00006710       ___E__124__@0              10007710 f   Engine.obj
 0001:00006720       ___E__125__@0              10007720 f   Engine.obj
 0001:00006730       ___E__126__@0              10007730 f   Engine.obj
 0001:00006740       ___E__127__@0              10007740 f   Engine.obj
 0001:00006750       ___E__128__@0              10007750 f   Engine.obj
 0001:00006760       ___E__129__@0              10007760 f   Engine.obj
 0001:00006770       ___E__130__@0              10007770 f   Engine.obj
 0001:00006780       ___E__131__@0              10007780 f   Engine.obj
 0001:00006790       ___E__132__@0              10007790 f   Engine.obj
 0001:000067a0       ___E__133__@0              100077a0 f   Engine.obj
 0001:000067b0       ___E__134__@0              100077b0 f   Engine.obj
 0001:000067c0       ___E__135__@0              100077c0 f   Engine.obj
 0001:000067d0       ___E__136__@0              100077d0 f   Engine.obj
 0001:000067e0       ___E__137__@0              100077e0 f   Engine.obj
 0001:000067f0       ___E__138__@0              100077f0 f   Engine.obj
 0001:00006800       ___E__139__@0              10007800 f   Engine.obj
 0001:00006810       ___E__140__@0              10007810 f   Engine.obj
 0001:00006820       ___E__141__@0              10007820 f   Engine.obj
 0001:00006830       ___E__142__@0              10007830 f   Engine.obj
 0001:00006840       ___E__143__@0              10007840 f   Engine.obj
 0001:00006850       ___E__144__@0              10007850 f   Engine.obj
 0001:00006860       ___E__145__@0              10007860 f   Engine.obj
 0001:00006870       ___E__146__@0              10007870 f   Engine.obj
 0001:00006880       ___E__147__@0              10007880 f   Engine.obj
 0001:00006890       ___E__148__@0              10007890 f   Engine.obj
 0001:000068a0       ___E__149__@0              100078a0 f   Engine.obj
 0001:000068b0       ___E__150__@0              100078b0 f   Engine.obj
 0001:000068c0       ___E__151__@0              100078c0 f   Engine.obj
 0001:000068d0       ___E__152__@0              100078d0 f   Engine.obj
 0001:000068e0       ___E__153__@0              100078e0 f   Engine.obj
 0001:000068f0       ___E__154__@0              100078f0 f   Engine.obj
 0001:00006900       ___E__155__@0              10007900 f   Engine.obj
 0001:00006910       ___E__156__@0              10007910 f   Engine.obj
 0001:00006920       ___E__157__@0              10007920 f   Engine.obj
 0001:00006930       ___E__158__@0              10007930 f   Engine.obj
 0001:00006940       ___E__159__@0              10007940 f   Engine.obj
 0001:00006950       ___E__160__@0              10007950 f   Engine.obj
 0001:00006960       ___E__161__@0              10007960 f   Engine.obj
 0001:00006970       ___E__162__@0              10007970 f   Engine.obj
 0001:00006980       ___E__163__@0              10007980 f   Engine.obj
 0001:00006990       ___E__164__@0              10007990 f   Engine.obj
 0001:000069a0       ___E__165__@0              100079a0 f   Engine.obj
 0001:000069b0       ___E__166__@0              100079b0 f   Engine.obj
 0001:000069c0       ___E__167__@0              100079c0 f   Engine.obj
 0001:000069d0       ___E__168__@0              100079d0 f   Engine.obj
 0001:000069e0       ___E__169__@0              100079e0 f   Engine.obj
 0001:000069f0       ___E__170__@0              100079f0 f   Engine.obj
 0001:00006a00       ___E__171__@0              10007a00 f   Engine.obj
 0001:00006a10       ___E__172__@0              10007a10 f   Engine.obj
 0001:00006a20       ___E__173__@0              10007a20 f   Engine.obj
 0001:00006a30       ___E__174__@0              10007a30 f   Engine.obj
 0001:00006a40       ___E__175__@0              10007a40 f   Engine.obj
 0001:00006a50       ___E__176__@0              10007a50 f   Engine.obj
 0001:00006a60       ___E__177__@0              10007a60 f   Engine.obj
 0001:00006a70       ___E__178__@0              10007a70 f   Engine.obj
 0001:00006a80       ___E__179__@0              10007a80 f   Engine.obj
 0001:00006a90       ___E__180__@0              10007a90 f   Engine.obj
 0001:00006aa0       ___E__181__@0              10007aa0 f   Engine.obj
 0001:00006ab0       ___E__182__@0              10007ab0 f   Engine.obj
 0001:00006ac0       ___E__183__@0              10007ac0 f   Engine.obj
 0001:00006ad0       ___E__184__@0              10007ad0 f   Engine.obj
 0001:00006ae0       ___E__185__@0              10007ae0 f   Engine.obj
 0001:00006af0       ___E__186__@0              10007af0 f   Engine.obj
 0001:00006b00       ___E__187__@0              10007b00 f   Engine.obj
 0001:00006b10       ___E__188__@0              10007b10 f   Engine.obj
 0001:00006b20       ___E__189__@0              10007b20 f   Engine.obj
 0001:00006b30       ___E__190__@0              10007b30 f   Engine.obj
 0001:00006b40       ___E__191__@0              10007b40 f   Engine.obj
 0001:00006b50       ___E__192__@0              10007b50 f   Engine.obj
 0001:00006b60       ___E__193__@0              10007b60 f   Engine.obj
 0001:00006b70       ___E__194__@0              10007b70 f   Engine.obj
 0001:00006b80       ___E__195__@0              10007b80 f   Engine.obj
 0001:00006b90       ___E__196__@0              10007b90 f   Engine.obj
 0001:00006ba0       ___E__197__@0              10007ba0 f   Engine.obj
 0001:00006bb0       ___E__198__@0              10007bb0 f   Engine.obj
 0001:00006bc0       ___E__199__@0              10007bc0 f   Engine.obj
 0001:00006bd0       ___E__200__@0              10007bd0 f   Engine.obj
 0001:00006be0       ___E__201__@0              10007be0 f   Engine.obj
 0001:00006bf0       ___E__202__@0              10007bf0 f   Engine.obj
 0001:00006c00       ___E__203__@0              10007c00 f   Engine.obj
 0001:00006c10       ___E__204__@0              10007c10 f   Engine.obj
 0001:00006c20       ___E__205__@0              10007c20 f   Engine.obj
 0001:00006c30       ___E__206__@0              10007c30 f   Engine.obj
 0001:00006c40       ___E__207__@0              10007c40 f   Engine.obj
 0001:00006c50       ___E__208__@0              10007c50 f   Engine.obj
 0001:00006c60       ___E__209__@0              10007c60 f   Engine.obj
 0001:00006c70       ___E__210__@0              10007c70 f   Engine.obj
 0001:00006c80       ___E__211__@0              10007c80 f   Engine.obj
 0001:00006c90       ___E__212__@0              10007c90 f   Engine.obj
 0001:00006ca0       ___E__213__@0              10007ca0 f   Engine.obj
 0001:00006cb0       ___E__214__@0              10007cb0 f   Engine.obj
 0001:00006cc0       ___E__215__@0              10007cc0 f   Engine.obj
 0001:00006cd0       ___E__216__@0              10007cd0 f   Engine.obj
 0001:00006ce0       ___E__217__@0              10007ce0 f   Engine.obj
 0001:00006cf0       ___E__218__@0              10007cf0 f   Engine.obj
 0001:00006d00       ___E__219__@0              10007d00 f   Engine.obj
 0001:00006d10       ___E__220__@0              10007d10 f   Engine.obj
 0001:00006d20       ___E__221__@0              10007d20 f   Engine.obj
 0001:00006d30       ___E__222__@0              10007d30 f   Engine.obj
 0001:00006d40       ___E__223__@0              10007d40 f   Engine.obj
 0001:00006d50       ___E__224__@0              10007d50 f   Engine.obj
 0001:00006d60       ___E__225__@0              10007d60 f   Engine.obj
 0001:00006d70       ___E__226__@0              10007d70 f   Engine.obj
 0001:00006d80       ___E__227__@0              10007d80 f   Engine.obj
 0001:00006d90       ___E__228__@0              10007d90 f   Engine.obj
 0001:00006da0       ___E__229__@0              10007da0 f   Engine.obj
 0001:00006db0       ___E__230__@0              10007db0 f   Engine.obj
 0001:00006dc0       ___E__231__@0              10007dc0 f   Engine.obj
 0001:00006dd0       ___E__232__@0              10007dd0 f   Engine.obj
 0001:00006de0       ___E__233__@0              10007de0 f   Engine.obj
 0001:00006df0       ___E__234__@0              10007df0 f   Engine.obj
 0001:00006e00       ___E__235__@0              10007e00 f   Engine.obj
 0001:00006e10       ___E__236__@0              10007e10 f   Engine.obj
 0001:00006e20       ___E__237__@0              10007e20 f   Engine.obj
 0001:00006e30       ___E__238__@0              10007e30 f   Engine.obj
 0001:00006e40       ___E__239__@0              10007e40 f   Engine.obj
 0001:00006e50       ___E__240__@0              10007e50 f   Engine.obj
 0001:00006e60       ___E__241__@0              10007e60 f   Engine.obj
 0001:00006e70       ___E__242__@0              10007e70 f   Engine.obj
 0001:00006e80       ___E__243__@0              10007e80 f   Engine.obj
 0001:00006e90       ___E__244__@0              10007e90 f   Engine.obj
 0001:00006ea0       ___E__245__@0              10007ea0 f   Engine.obj
 0001:00006eb0       ___E__246__@0              10007eb0 f   Engine.obj
 0001:00006ec0       ___E__247__@0              10007ec0 f   Engine.obj
 0001:00006ed0       ___E__248__@0              10007ed0 f   Engine.obj
 0001:00006ee0       ___E__249__@0              10007ee0 f   Engine.obj
 0001:00006ef0       ___E__250__@0              10007ef0 f   Engine.obj
 0001:00006f00       ___E__251__@0              10007f00 f   Engine.obj
 0001:00006f10       ___E__252__@0              10007f10 f   Engine.obj
 0001:00006f20       ___E__253__@0              10007f20 f   Engine.obj
 0001:00006f30       ___E__254__@0              10007f30 f   Engine.obj
 0001:00006f40       ___E__255__@0              10007f40 f   Engine.obj
 0001:00006f50       ___E__256__@0              10007f50 f   Engine.obj
 0001:00006f60       ___E__257__@0              10007f60 f   Engine.obj
 0001:00006f70       ___E__258__@0              10007f70 f   Engine.obj
 0001:00006f80       ___E__259__@0              10007f80 f   Engine.obj
 0001:00006f90       ___E__260__@0              10007f90 f   Engine.obj
 0001:00006fa0       ___E__261__@0              10007fa0 f   Engine.obj
 0001:00006fb0       ___E__262__@0              10007fb0 f   Engine.obj
 0001:00006fc0       ___E__263__@0              10007fc0 f   Engine.obj
 0001:00006fd0       ___E__264__@0              10007fd0 f   Engine.obj
 0001:00006fe0       ___E__265__@0              10007fe0 f   Engine.obj
 0001:00006ff0       ___E__266__@0              10007ff0 f   Engine.obj
 0001:00007000       ___E__267__@0              10008000 f   Engine.obj
 0001:00007010       ___E__268__@0              10008010 f   Engine.obj
 0001:00007020       ___E__269__@0              10008020 f   Engine.obj
 0001:00007030       ___E__270__@0              10008030 f   Engine.obj
 0001:00007040       ___E__271__@0              10008040 f   Engine.obj
 0001:00007050       ___E__272__@0              10008050 f   Engine.obj
 0001:00007060       ___E__273__@0              10008060 f   Engine.obj
 0001:00007070       ___E__274__@0              10008070 f   Engine.obj
 0001:00007080       ___E__275__@0              10008080 f   Engine.obj
 0001:00007090       ___E__276__@0              10008090 f   Engine.obj
 0001:000070a0       ___E__277__@0              100080a0 f   Engine.obj
 0001:000070b0       ___E__278__@0              100080b0 f   Engine.obj
 0001:000070c0       ___E__279__@0              100080c0 f   Engine.obj
 0001:000070d0       ___E__280__@0              100080d0 f   Engine.obj
 0001:000070e0       ___E__281__@0              100080e0 f   Engine.obj
 0001:000070f0       ___E__282__@0              100080f0 f   Engine.obj
 0001:00007100       ___E__283__@0              10008100 f   Engine.obj
 0001:00007110       ___E__284__@0              10008110 f   Engine.obj
 0001:00007120       ___E__285__@0              10008120 f   Engine.obj
 0001:00007130       ___E__286__@0              10008130 f   Engine.obj
 0001:00007140       ___E__287__@0              10008140 f   Engine.obj
 0001:00007150       ___E__288__@0              10008150 f   Engine.obj
 0001:00007160       ___E__289__@0              10008160 f   Engine.obj
 0001:00007170       ___E__290__@0              10008170 f   Engine.obj
 0001:00007180       ___E__291__@0              10008180 f   Engine.obj
 0001:00007190       ___E__292__@0              10008190 f   Engine.obj
 0001:000071a0       ___E__293__@0              100081a0 f   Engine.obj
 0001:000071b0       ___E__294__@0              100081b0 f   Engine.obj
 0001:000071c0       ___E__295__@0              100081c0 f   Engine.obj
 0001:000071d0       ___E__296__@0              100081d0 f   Engine.obj
 0001:000071e0       ___E__297__@0              100081e0 f   Engine.obj
 0001:000071f0       ___E__298__@0              100081f0 f   Engine.obj
 0001:00007200       ___E__299__@0              10008200 f   Engine.obj
 0001:00007210       ___E__300__@0              10008210 f   Engine.obj
 0001:00007220       ___E__301__@0              10008220 f   Engine.obj
 0001:00007230       ___E__302__@0              10008230 f   Engine.obj
 0001:00007240       ___E__303__@0              10008240 f   Engine.obj
 0001:00007250       ___E__304__@0              10008250 f   Engine.obj
 0001:00007260       ___E__305__@0              10008260 f   Engine.obj
 0001:00007270       ___E__306__@0              10008270 f   Engine.obj
 0001:00007280       ___E__307__@0              10008280 f   Engine.obj
 0001:00007290       ___E__308__@0              10008290 f   Engine.obj
 0001:000072a0       ___E__309__@0              100082a0 f   Engine.obj
 0001:000072b0       ___E__310__@0              100082b0 f   Engine.obj
 0001:000072c0       ___E__311__@0              100082c0 f   Engine.obj
 0001:000072d0       ___E__312__@0              100082d0 f   Engine.obj
 0001:000072e0       ___E__313__@0              100082e0 f   Engine.obj
 0001:000072f0       ___E__314__@0              100082f0 f   Engine.obj
 0001:00007300       ___E__315__@0              10008300 f   Engine.obj
 0001:00007310       ___E__316__@0              10008310 f   Engine.obj
 0001:00007320       ___E__317__@0              10008320 f   Engine.obj
 0001:00007330       ___E__318__@0              10008330 f   Engine.obj
 0001:00007340       ___E__319__@0              10008340 f   Engine.obj
 0001:00007350       ___E__320__@0              10008350 f   Engine.obj
 0001:00007360       ___E__321__@0              10008360 f   Engine.obj
 0001:00007370       ___E__322__@0              10008370 f   Engine.obj
 0001:00007380       ___E__323__@0              10008380 f   Engine.obj
 0001:00007390       ___E__324__@0              10008390 f   Engine.obj
 0001:000073a0       ___E__325__@0              100083a0 f   Engine.obj
 0001:000073b0       ___E__326__@0              100083b0 f   Engine.obj
 0001:000073c0       ___E__327__@0              100083c0 f   Engine.obj
 0001:000073d0       ___E__328__@0              100083d0 f   Engine.obj
 0001:000073e0       ___E__329__@0              100083e0 f   Engine.obj
 0001:000073f0       ___E__330__@0              100083f0 f   Engine.obj
 0001:00007400       ___E__331__@0              10008400 f   Engine.obj
 0001:00007410       ___E__332__@0              10008410 f   Engine.obj
 0001:00007420       ___E__333__@0              10008420 f   Engine.obj
 0001:00007430       ___E__334__@0              10008430 f   Engine.obj
 0001:00007440       ___E__335__@0              10008440 f   Engine.obj
 0001:00007450       ___E__336__@0              10008450 f   Engine.obj
 0001:00007460       ___E__337__@0              10008460 f   Engine.obj
 0001:00007470       ___E__338__@0              10008470 f   Engine.obj
 0001:00007480       ___E__339__@0              10008480 f   Engine.obj
 0001:00007490       ___E__340__@0              10008490 f   Engine.obj
 0001:000074a0       ___E__341__@0              100084a0 f   Engine.obj
 0001:000074b0       ___E__342__@0              100084b0 f   Engine.obj
 0001:000074c0       ___E__343__@0              100084c0 f   Engine.obj
 0001:000074d0       ___E__344__@0              100084d0 f   Engine.obj
 0001:000074e0       ___E__345__@0              100084e0 f   Engine.obj
 0001:000074f0       ___E__346__@0              100084f0 f   Engine.obj
 0001:00007500       ___E__347__@0              10008500 f   Engine.obj
 0001:00007510       ___E__348__@0              10008510 f   Engine.obj
 0001:00007520       ___E__349__@0              10008520 f   Engine.obj
 0001:00007530       ___E__350__@0              10008530 f   Engine.obj
 0001:00007540       ___E__351__@0              10008540 f   Engine.obj
 0001:00007550       ___E__352__@0              10008550 f   Engine.obj
 0001:00007560       ___E__353__@0              10008560 f   Engine.obj
 0001:00007570       ___E__354__@0              10008570 f   Engine.obj
 0001:00007580       ___E__355__@0              10008580 f   Engine.obj
 0001:00007590       ___E__356__@0              10008590 f   Engine.obj
 0001:000075a0       ___E__357__@0              100085a0 f   Engine.obj
 0001:000075b0       ___E__358__@0              100085b0 f   Engine.obj
 0001:000075c0       ___E__359__@0              100085c0 f   Engine.obj
 0001:000075d0       ___E__360__@0              100085d0 f   Engine.obj
 0001:000075e0       ___E__361__@0              100085e0 f   Engine.obj
 0001:000075f0       ___E__362__@0              100085f0 f   Engine.obj
 0001:00007600       ___E__363__@0              10008600 f   Engine.obj
 0001:00007610       ___E__364__@0              10008610 f   Engine.obj
 0001:00007620       ___E__365__@0              10008620 f   Engine.obj
 0001:00007630       ___E__366__@0              10008630 f   Engine.obj
 0001:00007640       ___E__367__@0              10008640 f   Engine.obj
 0001:00007650       ___E__368__@0              10008650 f   Engine.obj
 0001:00007660       ___E__369__@0              10008660 f   Engine.obj
 0001:00007670       ___E__370__@0              10008670 f   Engine.obj
 0001:00007680       ___E__371__@0              10008680 f   Engine.obj
 0001:00007690       ___E__372__@0              10008690 f   Engine.obj
 0001:000076a0       ___E__373__@0              100086a0 f   Engine.obj
 0001:000076b0       ___E__374__@0              100086b0 f   Engine.obj
 0001:000076c0       ___E__375__@0              100086c0 f   Engine.obj
 0001:000076d0       ___E__376__@0              100086d0 f   Engine.obj
 0001:000076e0       ___E__377__@0              100086e0 f   Engine.obj
 0001:000076f0       ___E__378__@0              100086f0 f   Engine.obj
 0001:00007700       ___E__379__@0              10008700 f   Engine.obj
 0001:00007710       ___E__380__@0              10008710 f   Engine.obj
 0001:00007720       ___E__381__@0              10008720 f   Engine.obj
 0001:00007730       ___E__382__@0              10008730 f   Engine.obj
 0001:00007740       ___E__383__@0              10008740 f   Engine.obj
 0001:00007750       ___E__384__@0              10008750 f   Engine.obj
 0001:00007760       ___E__385__@0              10008760 f   Engine.obj
 0001:00007770       ___E__386__@0              10008770 f   Engine.obj
 0001:00007780       ___E__387__@0              10008780 f   Engine.obj
 0001:00007790       ___E__388__@0              10008790 f   Engine.obj
 0001:000077a0       ___E__389__@0              100087a0 f   Engine.obj
 0001:000077b0       ___E__390__@0              100087b0 f   Engine.obj
 0001:000077c0       ___E__391__@0              100087c0 f   Engine.obj
 0001:000077d0       ___E__392__@0              100087d0 f   Engine.obj
 0001:000077e0       ___E__393__@0              100087e0 f   Engine.obj
 0001:000077f0       ___E__394__@0              100087f0 f   Engine.obj
 0001:00007800       ___E__395__@0              10008800 f   Engine.obj
 0001:00007810       ___E__396__@0              10008810 f   Engine.obj
 0001:00007820       ___E__397__@0              10008820 f   Engine.obj
 0001:00007830       ___E__398__@0              10008830 f   Engine.obj
 0001:00007840       ___E__399__@0              10008840 f   Engine.obj
 0001:00007850       ___E__400__@0              10008850 f   Engine.obj
 0001:00007860       ___E__401__@0              10008860 f   Engine.obj
 0001:00007870       ___E__402__@0              10008870 f   Engine.obj
 0001:00007880       ___E__403__@0              10008880 f   Engine.obj
 0001:00007890       ___E__404__@0              10008890 f   Engine.obj
 0001:000078a0       ___E__405__@0              100088a0 f   Engine.obj
 0001:000078b0       ___E__406__@0              100088b0 f   Engine.obj
 0001:000078c0       ___E__407__@0              100088c0 f   Engine.obj
 0001:000078d0       ___E__408__@0              100088d0 f   Engine.obj
 0001:000078e0       ___E__409__@0              100088e0 f   Engine.obj
 0001:000078f0       ___E__410__@0              100088f0 f   Engine.obj
 0001:00007900       ___E__411__@0              10008900 f   Engine.obj
 0001:00007910       ___E__412__@0              10008910 f   Engine.obj
 0001:00007920       ___E__413__@0              10008920 f   Engine.obj
 0001:00007930       ___E__414__@0              10008930 f   Engine.obj
 0001:00007940       ___E__415__@0              10008940 f   Engine.obj
 0001:00007950       ___E__416__@0              10008950 f   Engine.obj
 0001:00007960       ___E__417__@0              10008960 f   Engine.obj
 0001:00007970       ___E__418__@0              10008970 f   Engine.obj
 0001:00007980       ___E__419__@0              10008980 f   Engine.obj
 0001:00007990       ___E__420__@0              10008990 f   Engine.obj
 0001:000079a0       ___E__421__@0              100089a0 f   Engine.obj
 0001:000079b0       ___E__422__@0              100089b0 f   Engine.obj
 0001:000079c0       ___E__423__@0              100089c0 f   Engine.obj
 0001:000079d0       ___E__424__@0              100089d0 f   Engine.obj
 0001:000079e0       ___E__425__@0              100089e0 f   Engine.obj
 0001:000079f0       ___E__426__@0              100089f0 f   Engine.obj
 0001:00007a00       ___E__427__@0              10008a00 f   Engine.obj
 0001:00007a10       ___E__428__@0              10008a10 f   Engine.obj
 0001:00007a20       ___E__429__@0              10008a20 f   Engine.obj
 0001:00007a30       ___E__430__@0              10008a30 f   Engine.obj
 0001:00007a40       ___E__431__@0              10008a40 f   Engine.obj
 0001:00007a50       ___E__432__@0              10008a50 f   Engine.obj
 0001:00007a60       ___E__433__@0              10008a60 f   Engine.obj
 0001:00007a70       ___E__434__@0              10008a70 f   Engine.obj
 0001:00007a80       ___E__435__@0              10008a80 f   Engine.obj
 0001:00007a90       ___E__436__@0              10008a90 f   Engine.obj
 0001:00007aa0       ___E__437__@0              10008aa0 f   Engine.obj
 0001:00007ab0       ___E__438__@0              10008ab0 f   Engine.obj
 0001:00007ac0       ___E__439__@0              10008ac0 f   Engine.obj
 0001:00007ad0       ___E__440__@0              10008ad0 f   Engine.obj
 0001:00007ae0       ___E__441__@0              10008ae0 f   Engine.obj
 0001:00007af0       ___E__442__@0              10008af0 f   Engine.obj
 0001:00007b00       ___E__443__@0              10008b00 f   Engine.obj
 0001:00007b10       ___E__444__@0              10008b10 f   Engine.obj
 0001:00007b20       ___E__445__@0              10008b20 f   Engine.obj
 0001:00007b30       ___E__446__@0              10008b30 f   Engine.obj
 0001:00007b40       ___E__447__@0              10008b40 f   Engine.obj
 0001:00007b50       ___E__448__@0              10008b50 f   Engine.obj
 0001:00007b60       ___E__449__@0              10008b60 f   Engine.obj
 0001:00007b70       ___E__450__@0              10008b70 f   Engine.obj
 0001:00007b80       ___E__451__@0              10008b80 f   Engine.obj
 0001:00007b90       ___E__452__@0              10008b90 f   Engine.obj
 0001:00007ba0       ___E__453__@0              10008ba0 f   Engine.obj
 0001:00007bb0       ___E__454__@0              10008bb0 f   Engine.obj
 0001:00007bc0       ___E__455__@0              10008bc0 f   Engine.obj
 0001:00007bd0       ___E__456__@0              10008bd0 f   Engine.obj
 0001:00007be0       ___E__457__@0              10008be0 f   Engine.obj
 0001:00007bf0       ___E__458__@0              10008bf0 f   Engine.obj
 0001:00007c00       ___E__459__@0              10008c00 f   Engine.obj
 0001:00007c10       ___E__460__@0              10008c10 f   Engine.obj
 0001:00007c20       ___E__461__@0              10008c20 f   Engine.obj
 0001:00007c30       ___E__462__@0              10008c30 f   Engine.obj
 0001:00007c40       ___E__463__@0              10008c40 f   Engine.obj
 0001:00007c50       ___E__464__@0              10008c50 f   Engine.obj
 0001:00007c60       ___E__465__@0              10008c60 f   Engine.obj
 0001:00007c70       ___E__466__@0              10008c70 f   Engine.obj
 0001:00007c80       ___E__467__@0              10008c80 f   Engine.obj
 0001:00007c90       ___E__468__@0              10008c90 f   Engine.obj
 0001:00007ca0       ___E__469__@0              10008ca0 f   Engine.obj
 0001:00007cb0       ___E__470__@0              10008cb0 f   Engine.obj
 0001:00007cc0       ___E__471__@0              10008cc0 f   Engine.obj
 0001:00007cd0       ___E__472__@0              10008cd0 f   Engine.obj
 0001:00007ce0       ___E__473__@0              10008ce0 f   Engine.obj
 0001:00007cf0       ___E__474__@0              10008cf0 f   Engine.obj
 0001:00007d00       ___E__475__@0              10008d00 f   Engine.obj
 0001:00007d10       ___E__476__@0              10008d10 f   Engine.obj
 0001:00007d20       ___E__477__@0              10008d20 f   Engine.obj
 0001:00007d30       ___E__478__@0              10008d30 f   Engine.obj
 0001:00007d40       ___E__479__@0              10008d40 f   Engine.obj
 0001:00007d50       ___E__480__@0              10008d50 f   Engine.obj
 0001:00007d60       ___E__481__@0              10008d60 f   Engine.obj
 0001:00007d70       ___E__482__@0              10008d70 f   Engine.obj
 0001:00007d80       ___E__483__@0              10008d80 f   Engine.obj
 0001:00007d90       ___E__484__@0              10008d90 f   Engine.obj
 0001:00007da0       ___E__485__@0              10008da0 f   Engine.obj
 0001:00007db0       ___E__486__@0              10008db0 f   Engine.obj
 0001:00007dc0       ___E__487__@0              10008dc0 f   Engine.obj
 0001:00007dd0       ___E__488__@0              10008dd0 f   Engine.obj
 0001:00007de0       ___E__489__@0              10008de0 f   Engine.obj
 0001:00007df0       ___E__490__@0              10008df0 f   Engine.obj
 0001:00007e00       ___E__491__@0              10008e00 f   Engine.obj
 0001:00007e10       ___E__492__@0              10008e10 f   Engine.obj
 0001:00007e20       ___E__493__@0              10008e20 f   Engine.obj
 0001:00007e30       ___E__494__@0              10008e30 f   Engine.obj
 0001:00007e40       ___E__495__@0              10008e40 f   Engine.obj
 0001:00007e50       ___E__496__@0              10008e50 f   Engine.obj
 0001:00007e60       ___E__497__@0              10008e60 f   Engine.obj
 0001:00007e70       ___E__498__@0              10008e70 f   Engine.obj
 0001:00007e80       ___E__499__@0              10008e80 f   Engine.obj
 0001:00007e90       ___E__500__@0              10008e90 f   Engine.obj
 0001:00007ea0       ___E__501__@0              10008ea0 f   Engine.obj
 0001:00007eb0       ___E__502__@0              10008eb0 f   Engine.obj
 0001:00007ec0       ___E__503__@0              10008ec0 f   Engine.obj
 0001:00007ed0       ___E__504__@0              10008ed0 f   Engine.obj
 0001:00007ee0       ___E__505__@0              10008ee0 f   Engine.obj
 0001:00007ef0       ___E__506__@0              10008ef0 f   Engine.obj
 0001:00007f00       ___E__507__@0              10008f00 f   Engine.obj
 0001:00007f10       ___E__508__@0              10008f10 f   Engine.obj
 0001:00007f20       ___E__509__@0              10008f20 f   Engine.obj
 0001:00007f30       ___E__510__@0              10008f30 f   Engine.obj
 0001:00007f40       ___E__511__@0              10008f40 f   Engine.obj
 0001:00007f50       ___E__512__@0              10008f50 f   Engine.obj
 0001:00007f60       ___E__513__@0              10008f60 f   Engine.obj
 0001:00007f70       ___E__514__@0              10008f70 f   Engine.obj
 0001:00007f80       ___E__515__@0              10008f80 f   Engine.obj
 0001:00007f90       ___E__516__@0              10008f90 f   Engine.obj
 0001:00007fa0       ___E__517__@0              10008fa0 f   Engine.obj
 0001:00007fb0       ___E__518__@0              10008fb0 f   Engine.obj
 0001:00007fc0       ___E__519__@0              10008fc0 f   Engine.obj
 0001:00007fd0       ___E__520__@0              10008fd0 f   Engine.obj
 0001:00007fe0       ___E__521__@0              10008fe0 f   Engine.obj
 0001:00007ff0       ___E__522__@0              10008ff0 f   Engine.obj
 0001:00008000       ___E__523__@0              10009000 f   Engine.obj
 0001:00008010       ___E__524__@0              10009010 f   Engine.obj
 0001:00008020       ___E__525__@0              10009020 f   Engine.obj
 0001:00008030       ___E__526__@0              10009030 f   Engine.obj
 0001:00008040       ___E__527__@0              10009040 f   Engine.obj
 0001:00008050       ___E__528__@0              10009050 f   Engine.obj
 0001:00008060       ___E__529__@0              10009060 f   Engine.obj
 0001:00008070       ___E__530__@0              10009070 f   Engine.obj
 0001:00008080       ___E__531__@0              10009080 f   Engine.obj
 0001:00008090       ___E__532__@0              10009090 f   Engine.obj
 0001:000080a0       ___E__533__@0              100090a0 f   Engine.obj
 0001:000080b0       ___E__534__@0              100090b0 f   Engine.obj
 0001:000080c0       ___E__535__@0              100090c0 f   Engine.obj
 0001:000080d0       ___E__536__@0              100090d0 f   Engine.obj
 0001:000080e0       ___E__537__@0              100090e0 f   Engine.obj
 0001:000080f0       ___E__538__@0              100090f0 f   Engine.obj
 0001:00008100       ___E__539__@0              10009100 f   Engine.obj
 0001:00008110       ___E__540__@0              10009110 f   Engine.obj
 0001:00008120       ___E__541__@0              10009120 f   Engine.obj
 0001:00008130       ___E__542__@0              10009130 f   Engine.obj
 0001:00008140       ___E__543__@0              10009140 f   Engine.obj
 0001:00008150       ___E__544__@0              10009150 f   Engine.obj
 0001:00008160       ___E__545__@0              10009160 f   Engine.obj
 0001:00008170       ___E__546__@0              10009170 f   Engine.obj
 0001:00008180       ___E__547__@0              10009180 f   Engine.obj
 0001:00008190       ___E__548__@0              10009190 f   Engine.obj
 0001:000081a0       ___E__549__@0              100091a0 f   Engine.obj
 0001:000081b0       ___E__550__@0              100091b0 f   Engine.obj
 0001:000081c0       ___E__551__@0              100091c0 f   Engine.obj
 0001:000081d0       ___E__552__@0              100091d0 f   Engine.obj
 0001:000081e0       ___E__553__@0              100091e0 f   Engine.obj
 0001:000081f0       ___E__554__@0              100091f0 f   Engine.obj
 0001:00008200       ___E__555__@0              10009200 f   Engine.obj
 0001:00008210       ___E__556__@0              10009210 f   Engine.obj
 0001:00008220       ___E__557__@0              10009220 f   Engine.obj
 0001:00008230       ___E__558__@0              10009230 f   Engine.obj
 0001:00008240       ___E__559__@0              10009240 f   Engine.obj
 0001:00008250       ___E__560__@0              10009250 f   Engine.obj
 0001:00008260       ___E__561__@0              10009260 f   Engine.obj
 0001:00008270       ___E__562__@0              10009270 f   Engine.obj
 0001:00008280       ___E__563__@0              10009280 f   Engine.obj
 0001:00008290       ___E__564__@0              10009290 f   Engine.obj
 0001:000082a0       ___E__565__@0              100092a0 f   Engine.obj
 0001:000082b0       ___E__566__@0              100092b0 f   Engine.obj
 0001:000082c0       ___E__567__@0              100092c0 f   Engine.obj
 0001:000082d0       ___E__568__@0              100092d0 f   Engine.obj
 0001:000082e0       ___E__569__@0              100092e0 f   Engine.obj
 0001:000082f0       ___E__570__@0              100092f0 f   Engine.obj
 0001:00008300       ___E__571__@0              10009300 f   Engine.obj
 0001:00008310       ___E__572__@0              10009310 f   Engine.obj
 0001:00008320       ___E__573__@0              10009320 f   Engine.obj
 0001:00008330       ___E__574__@0              10009330 f   Engine.obj
 0001:00008340       ___E__575__@0              10009340 f   Engine.obj
 0001:00008350       ___E__576__@0              10009350 f   Engine.obj
 0001:00008360       ___E__577__@0              10009360 f   Engine.obj
 0001:00008370       ___E__578__@0              10009370 f   Engine.obj
 0001:00008380       ___E__579__@0              10009380 f   Engine.obj
 0001:00008390       ___E__580__@0              10009390 f   Engine.obj
 0001:000083a0       ___E__581__@0              100093a0 f   Engine.obj
 0001:000083b0       ___E__582__@0              100093b0 f   Engine.obj
 0001:000083c0       ___E__583__@0              100093c0 f   Engine.obj
 0001:000083d0       ___E__584__@0              100093d0 f   Engine.obj
 0001:000083e0       ___E__585__@0              100093e0 f   Engine.obj
 0001:000083f0       ___E__586__@0              100093f0 f   Engine.obj
 0001:00008400       ___E__587__@0              10009400 f   Engine.obj
 0001:00008410       ___E__588__@0              10009410 f   Engine.obj
 0001:00008420       ___E__589__@0              10009420 f   Engine.obj
 0001:00008430       ___E__590__@0              10009430 f   Engine.obj
 0001:00008440       ___E__591__@0              10009440 f   Engine.obj
 0001:00008450       ___E__592__@0              10009450 f   Engine.obj
 0001:00008460       ___E__593__@0              10009460 f   Engine.obj
 0001:00008470       ___E__594__@0              10009470 f   Engine.obj
 0001:00008480       ___E__595__@0              10009480 f   Engine.obj
 0001:00008490       ___E__596__@0              10009490 f   Engine.obj
 0001:000084a0       ___E__597__@0              100094a0 f   Engine.obj
 0001:000084b0       ___E__598__@0              100094b0 f   Engine.obj
 0001:000084c0       ___E__599__@0              100094c0 f   Engine.obj
 0001:000084d0       ___E__600__@0              100094d0 f   Engine.obj
 0001:000084e0       ___E__601__@0              100094e0 f   Engine.obj
 0001:000084f0       ___E__602__@0              100094f0 f   Engine.obj
 0001:00008500       ___E__603__@0              10009500 f   Engine.obj
 0001:00008510       ___E__604__@0              10009510 f   Engine.obj
 0001:00008520       ___E__605__@0              10009520 f   Engine.obj
 0001:00008530       ___E__606__@0              10009530 f   Engine.obj
 0001:00008540       ___E__607__@0              10009540 f   Engine.obj
 0001:00008550       ___E__608__@0              10009550 f   Engine.obj
 0001:00008560       ___E__609__@0              10009560 f   Engine.obj
 0001:00008570       ___E__610__@0              10009570 f   Engine.obj
 0001:00008580       ___E__611__@0              10009580 f   Engine.obj
 0001:00008590       ___E__612__@0              10009590 f   Engine.obj
 0001:000085a0       ___E__613__@0              100095a0 f   Engine.obj
 0001:000085b0       ___E__614__@0              100095b0 f   Engine.obj
 0001:000085c0       ___E__615__@0              100095c0 f   Engine.obj
 0001:000085d0       ___E__616__@0              100095d0 f   Engine.obj
 0001:000085e0       ___E__617__@0              100095e0 f   Engine.obj
 0001:000085f0       ___E__618__@0              100095f0 f   Engine.obj
 0001:00008600       ___E__619__@0              10009600 f   Engine.obj
 0001:00008610       ___E__620__@0              10009610 f   Engine.obj
 0001:00008620       ___E__621__@0              10009620 f   Engine.obj
 0001:00008630       ___E__622__@0              10009630 f   Engine.obj
 0001:00008640       ___E__623__@0              10009640 f   Engine.obj
 0001:00008650       ___E__624__@0              10009650 f   Engine.obj
 0001:00008660       ___E__625__@0              10009660 f   Engine.obj
 0001:00008670       ___E__626__@0              10009670 f   Engine.obj
 0001:00008680       ___E__627__@0              10009680 f   Engine.obj
 0001:00008690       ___E__628__@0              10009690 f   Engine.obj
 0001:000086a0       ___E__629__@0              100096a0 f   Engine.obj
 0001:000086b0       ___E__630__@0              100096b0 f   Engine.obj
 0001:000086c0       ___E__631__@0              100096c0 f   Engine.obj
 0001:000086d0       ___E__632__@0              100096d0 f   Engine.obj
 0001:000086e0       ___E__633__@0              100096e0 f   Engine.obj
 0001:000086f0       ___E__634__@0              100096f0 f   Engine.obj
 0001:00008700       ___E__635__@0              10009700 f   Engine.obj
 0001:00008710       ___E__636__@0              10009710 f   Engine.obj
 0001:00008720       ___E__637__@0              10009720 f   Engine.obj
 0001:00008730       ___E__638__@0              10009730 f   Engine.obj
 0001:00008740       ___E__639__@0              10009740 f   Engine.obj
 0001:00008750       ___E__640__@0              10009750 f   Engine.obj
 0001:00008760       ___E__641__@0              10009760 f   Engine.obj
 0001:00008770       ___E__642__@0              10009770 f   Engine.obj
 0001:00008780       ___E__643__@0              10009780 f   Engine.obj
 0001:00008790       ___E__644__@0              10009790 f   Engine.obj
 0001:000087a0       ___E__645__@0              100097a0 f   Engine.obj
 0001:000087b0       ___E__646__@0              100097b0 f   Engine.obj
 0001:000087c0       ___E__647__@0              100097c0 f   Engine.obj
 0001:000087d0       ___E__648__@0              100097d0 f   Engine.obj
 0001:000087e0       ___E__649__@0              100097e0 f   Engine.obj
 0001:000087f0       ___E__650__@0              100097f0 f   Engine.obj
 0001:00008800       ___E__651__@0              10009800 f   Engine.obj
 0001:00008810       ___E__652__@0              10009810 f   Engine.obj
 0001:00008820       ___E__653__@0              10009820 f   Engine.obj
 0001:00008830       ___E__654__@0              10009830 f   Engine.obj
 0001:00008840       ___E__655__@0              10009840 f   Engine.obj
 0001:00008850       ___E__656__@0              10009850 f   Engine.obj
 0001:00008860       ___E__657__@0              10009860 f   Engine.obj
 0001:00008870       ___E__658__@0              10009870 f   Engine.obj
 0001:00008880       ___E__659__@0              10009880 f   Engine.obj
 0001:00008890       ___E__660__@0              10009890 f   Engine.obj
 0001:000088a0       ___E__661__@0              100098a0 f   Engine.obj
 0001:000088b0       ___E__662__@0              100098b0 f   Engine.obj
 0001:000088c0       ___E__663__@0              100098c0 f   Engine.obj
 0001:000088d0       ___E__664__@0              100098d0 f   Engine.obj
 0001:000088e0       ___E__665__@0              100098e0 f   Engine.obj
 0001:000088f0       ___E__666__@0              100098f0 f   Engine.obj
 0001:00008900       ___E__667__@0              10009900 f   Engine.obj
 0001:00008910       ___E__668__@0              10009910 f   Engine.obj
 0001:00008920       ___E__669__@0              10009920 f   Engine.obj
 0001:00008930       ___E__670__@0              10009930 f   Engine.obj
 0001:00008940       ___E__671__@0              10009940 f   Engine.obj
 0001:00008950       ___E__672__@0              10009950 f   Engine.obj
 0001:00008960       ___E__673__@0              10009960 f   Engine.obj
 0001:00008970       ___E__674__@0              10009970 f   Engine.obj
 0001:00008980       ___E__675__@0              10009980 f   Engine.obj
 0001:00008990       ___E__676__@0              10009990 f   Engine.obj
 0001:000089a0       ___E__677__@0              100099a0 f   Engine.obj
 0001:000089b0       ___E__678__@0              100099b0 f   Engine.obj
 0001:000089c0       ___E__679__@0              100099c0 f   Engine.obj
 0001:000089d0       ___E__680__@0              100099d0 f   Engine.obj
 0001:000089e0       ___E__681__@0              100099e0 f   Engine.obj
 0001:000089f0       ___E__682__@0              100099f0 f   Engine.obj
 0001:00008a00       ___E__683__@0              10009a00 f   Engine.obj
 0001:00008a10       ___E__684__@0              10009a10 f   Engine.obj
 0001:00008a20       ___E__685__@0              10009a20 f   Engine.obj
 0001:00008a30       ___E__686__@0              10009a30 f   Engine.obj
 0001:00008a40       ___E__687__@0              10009a40 f   Engine.obj
 0001:00008a50       ___E__688__@0              10009a50 f   Engine.obj
 0001:00008a60       ___E__689__@0              10009a60 f   Engine.obj
 0001:00008a70       ___E__690__@0              10009a70 f   Engine.obj
 0001:00008a80       ___E__691__@0              10009a80 f   Engine.obj
 0001:00008a90       ___E__692__@0              10009a90 f   Engine.obj
 0001:00008aa0       ___E__693__@0              10009aa0 f   Engine.obj
 0001:00008ab0       ___E__694__@0              10009ab0 f   Engine.obj
 0001:00008ac0       ___E__695__@0              10009ac0 f   Engine.obj
 0001:00008ad0       ___E__696__@0              10009ad0 f   Engine.obj
 0001:00008ae0       ___E__697__@0              10009ae0 f   Engine.obj
 0001:00008af0       ___E__698__@0              10009af0 f   Engine.obj
 0001:00008b00       ___E__699__@0              10009b00 f   Engine.obj
 0001:00008b10       ___E__700__@0              10009b10 f   Engine.obj
 0001:00008b20       ___E__701__@0              10009b20 f   Engine.obj
 0001:00008b30       ___E__702__@0              10009b30 f   Engine.obj
 0001:00008b40       ___E__703__@0              10009b40 f   Engine.obj
 0001:00008b50       ___E__704__@0              10009b50 f   Engine.obj
 0001:00008b60       ___E__705__@0              10009b60 f   Engine.obj
 0001:00008b70       ___E__706__@0              10009b70 f   Engine.obj
 0001:00008b80       ___E__707__@0              10009b80 f   Engine.obj
 0001:00008b90       ___E__708__@0              10009b90 f   Engine.obj
 0001:00008ba0       ___E__709__@0              10009ba0 f   Engine.obj
 0001:00008bb0       ___E__710__@0              10009bb0 f   Engine.obj
 0001:00008bc0       ___E__711__@0              10009bc0 f   Engine.obj
 0001:00008bd0       ___E__712__@0              10009bd0 f   Engine.obj
 0001:00008be0       ___E__713__@0              10009be0 f   Engine.obj
 0001:00008bf0       ___E__714__@0              10009bf0 f   Engine.obj
 0001:00008c00       ___E__715__@0              10009c00 f   Engine.obj
 0001:00008c10       ___E__716__@0              10009c10 f   Engine.obj
 0001:00008c20       ___E__717__@0              10009c20 f   Engine.obj
 0001:00008c30       ___E__718__@0              10009c30 f   Engine.obj
 0001:00008c40       ___E__719__@0              10009c40 f   Engine.obj
 0001:00008c50       ___E__720__@0              10009c50 f   Engine.obj
 0001:00008c60       ___E__721__@0              10009c60 f   Engine.obj
 0001:00008c70       ___E__722__@0              10009c70 f   Engine.obj
 0001:00008c80       ___E__723__@0              10009c80 f   Engine.obj
 0001:00008c90       ___E__724__@0              10009c90 f   Engine.obj
 0001:00008ca0       ___E__725__@0              10009ca0 f   Engine.obj
 0001:00008cb0       ___E__726__@0              10009cb0 f   Engine.obj
 0001:00008cc0       ___E__727__@0              10009cc0 f   Engine.obj
 0001:00008cd0       ___E__728__@0              10009cd0 f   Engine.obj
 0001:00008ce0       ___E__729__@0              10009ce0 f   Engine.obj
 0001:00008cf0       ___E__730__@0              10009cf0 f   Engine.obj
 0001:00008d00       ___E__731__@0              10009d00 f   Engine.obj
 0001:00008d10       ___E__732__@0              10009d10 f   Engine.obj
 0001:00008d20       ___E__733__@0              10009d20 f   Engine.obj
 0001:00008d30       ___E__734__@0              10009d30 f   Engine.obj
 0001:00008d40       ___E__735__@0              10009d40 f   Engine.obj
 0001:00008d50       ___E__736__@0              10009d50 f   Engine.obj
 0001:00008d60       ___E__737__@0              10009d60 f   Engine.obj
 0001:00008d70       ___E__738__@0              10009d70 f   Engine.obj
 0001:00008d80       ___E__739__@0              10009d80 f   Engine.obj
 0001:00008d90       ___E__740__@0              10009d90 f   Engine.obj
 0001:00008da0       ___E__741__@0              10009da0 f   Engine.obj
 0001:00008db0       ___E__742__@0              10009db0 f   Engine.obj
 0001:00008dc0       ___E__743__@0              10009dc0 f   Engine.obj
 0001:00008dd0       ___E__744__@0              10009dd0 f   Engine.obj
 0001:00008de0       ___E__745__@0              10009de0 f   Engine.obj
 0001:00008df0       ___E__746__@0              10009df0 f   Engine.obj
 0001:00008e00       ___E__747__@0              10009e00 f   Engine.obj
 0001:00008e10       ___E__748__@0              10009e10 f   Engine.obj
 0001:00008e20       ___E__749__@0              10009e20 f   Engine.obj
 0001:00008e30       ___E__750__@0              10009e30 f   Engine.obj
 0001:00008e40       ___E__751__@0              10009e40 f   Engine.obj
 0001:00008e50       ___E__752__@0              10009e50 f   Engine.obj
 0001:00008e60       ___E__753__@0              10009e60 f   Engine.obj
 0001:00008e70       ___E__754__@0              10009e70 f   Engine.obj
 0001:00008e80       ___E__755__@0              10009e80 f   Engine.obj
 0001:00008e90       ___E__756__@0              10009e90 f   Engine.obj
 0001:00008ea0       ___E__757__@0              10009ea0 f   Engine.obj
 0001:00008eb0       ___E__758__@0              10009eb0 f   Engine.obj
 0001:00008ec0       ___E__759__@0              10009ec0 f   Engine.obj
 0001:00008ed0       ___E__760__@0              10009ed0 f   Engine.obj
 0001:00008ee0       ___E__761__@0              10009ee0 f   Engine.obj
 0001:00008ef0       ___E__762__@0              10009ef0 f   Engine.obj
 0001:00008f00       ___E__763__@0              10009f00 f   Engine.obj
 0001:00008f10       ___E__764__@0              10009f10 f   Engine.obj
 0001:00008f20       ___E__765__@0              10009f20 f   Engine.obj
 0001:00008f30       ___E__766__@0              10009f30 f   Engine.obj
 0001:00008f40       ___E__767__@0              10009f40 f   Engine.obj
 0001:00008f50       ___E__768__@0              10009f50 f   Engine.obj
 0001:00008f60       ___E__769__@0              10009f60 f   Engine.obj
 0001:00008f70       ___E__770__@0              10009f70 f   Engine.obj
 0001:00008f80       ___E__771__@0              10009f80 f   Engine.obj
 0001:00008f90       ___E__772__@0              10009f90 f   Engine.obj
 0001:00008fa0       ___E__773__@0              10009fa0 f   Engine.obj
 0001:00008fb0       ___E__774__@0              10009fb0 f   Engine.obj
 0001:00008fc0       ___E__775__@0              10009fc0 f   Engine.obj
 0001:00008fd0       ___E__776__@0              10009fd0 f   Engine.obj
 0001:00008fe0       ___E__777__@0              10009fe0 f   Engine.obj
 0001:00008ff0       ___E__778__@0              10009ff0 f   Engine.obj
 0001:00009000       ___E__779__@0              1000a000 f   Engine.obj
 0001:00009010       ___E__780__@0              1000a010 f   Engine.obj
 0001:00009020       ___E__781__@0              1000a020 f   Engine.obj
 0001:00009030       ___E__782__@0              1000a030 f   Engine.obj
 0001:00009040       ___E__783__@0              1000a040 f   Engine.obj
 0001:00009050       ___E__784__@0              1000a050 f   Engine.obj
 0001:00009060       ___E__785__@0              1000a060 f   Engine.obj
 0001:00009070       ___E__786__@0              1000a070 f   Engine.obj
 0001:00009080       ___E__787__@0              1000a080 f   Engine.obj
 0001:00009090       ___E__788__@0              1000a090 f   Engine.obj
 0001:000090a0       ___E__789__@0              1000a0a0 f   Engine.obj
 0001:000090b0       ___E__790__@0              1000a0b0 f   Engine.obj
 0001:000090c0       ___E__791__@0              1000a0c0 f   Engine.obj
 0001:000090d0       ___E__792__@0              1000a0d0 f   Engine.obj
 0001:000090e0       ___E__793__@0              1000a0e0 f   Engine.obj
 0001:000090f0       ___E__794__@0              1000a0f0 f   Engine.obj
 0001:00009100       ___E__795__@0              1000a100 f   Engine.obj
 0001:00009110       ___E__796__@0              1000a110 f   Engine.obj
 0001:00009120       ___E__797__@0              1000a120 f   Engine.obj
 0001:00009130       ___E__798__@0              1000a130 f   Engine.obj
 0001:00009140       ___E__799__@0              1000a140 f   Engine.obj
 0001:00009150       ___E__800__@0              1000a150 f   Engine.obj
 0001:00009160       ___E__801__@0              1000a160 f   Engine.obj
 0001:00009170       ___E__802__@0              1000a170 f   Engine.obj
 0001:00009180       ___E__803__@0              1000a180 f   Engine.obj
 0001:00009190       ___E__804__@0              1000a190 f   Engine.obj
 0001:000091a0       ___E__805__@0              1000a1a0 f   Engine.obj
 0001:000091b0       ?OnOk@@YIHPAX0@Z           1000a1b0 f   Engine.obj
 0001:00009240       ?OnCancel@@YIHPAX0@Z       1000a240 f   Engine.obj
 0001:000092d0       ?PressKey@@YAHHPAX@Z       1000a2d0 f   Engine.obj
 0001:00009450       ?MyKalItemShop1@@YIHPAX0PBDH@Z 1000a450 f   Engine.obj
 0001:00009530       ?MyKalItemShop2@@YIHPAX0PBDH@Z 1000a530 f   Engine.obj
 0001:00009610       ?MyKalItemShop3@@YIHPAX0PBDH@Z 1000a610 f   Engine.obj
 0001:00009700       ?CheckForDss@@YIXHPAX@Z    1000a700 f   Engine.obj
 0001:000097f0       ?MyArmorGetGrade@@YIHHPAX@Z 1000a7f0 f   Engine.obj
 0001:00009810       ?BofStatFix@@YAHHPAXPBD@Z  1000a810 f   Engine.obj
 0001:00009850       ?MakeTip@@YIXPAX0HHHDHH@Z  1000a850 f   Engine.obj
 0001:00009860       ?MySkillButton@@YAHH@Z     1000a860 f   Engine.obj
 0001:00009930       ?MyIsPlayerCheck@@YAHXZ    1000a930 f   Engine.obj
 0001:00009960       ?MyPlayerTick@@YIHHPAXI@Z  1000a960 f   Engine.obj
 0001:00009ad0       ?MyIsPlayerAttack@@YAHXZ   1000aad0 f   Engine.obj
 0001:00009af0       ?MySetTip@@YIPAXHPAXPBDKHH@Z 1000aaf0 f   Engine.obj
 0001:00009b50       ?SwitchTable@@YAXXZ        1000ab50 f   Engine.obj
 0001:00009c70       ?MD5Transform@MD5@@CAXQAKQAE@Z 1000ac70 f i Engine.obj
 0001:0000a320       ?Decode@MD5@@CAXPAKPAEI@Z  1000b320 f i Engine.obj
 0001:0000a360       ??0MD5@@QAE@XZ             1000b360 f i Engine.obj
 0001:0000a390       ?Update@MD5@@QAEXPAEI@Z    1000b390 f i Engine.obj
 0001:0000a440       ?Final@MD5@@QAEXXZ         1000b440 f i Engine.obj
 0001:0000a540       ?digestFile@MD5@@QAEPADPAD@Z 1000b540 f i Engine.obj
 0001:0000a6a0       ?PKHide@@YAHHHHHPBD@Z      1000b6a0 f   Engine.obj
 0001:0000a6d0       ?HideMyPKPWD@@YAXXZ        1000b6d0 f   Engine.obj
 0001:0000a760       ?DisableProtection@@YAXXZ  1000b760 f   Engine.obj
 0001:0000a830       ?ChecksumCheck@@YAXPAX@Z   1000b830 f   Engine.obj
 0001:0000b1b0       ??_D?$basic_ifstream@DU?$char_traits@D@std@@@std@@QAEXXZ 1000c1b0 f i Engine.obj
 0001:0000b230       ??_D?$basic_stringstream@DU?$char_traits@D@std@@V?$allocator@D@2@@std@@QAEXXZ 1000c230 f i Engine.obj
 0001:0000b2a0       ?Disconnect@@YIHPAX0@Z     1000c2a0 f   Engine.obj
 0001:0000b2c0       ?Destroy@@YIPAXPAX0@Z      1000c2c0 f   Engine.obj
 0001:0000b2e0       ?GetNewCursorPos@@YAHH@Z   1000c2e0 f   Engine.obj
 0001:0000b2f0       ?SendPacket@@YIHPAX0PBDH@Z 1000c2f0 f   Engine.obj
 0001:0000b320       ?HonorName@@YAPADH@Z       1000c320 f   Engine.obj
 0001:0000b3a0       _DllMain@12                1000c3a0 f   Engine.obj
 0001:0000b6d0       ?push_back@?$vector@V?$basic_string@DU?$char_traits@D@std@@V?$allocator@D@2@@std@@V?$allocator@V?$basic_string@DU?$char_traits@D@std@@V?$allocator@D@2@@std@@@2@@std@@QAEXABV?$basic_string@DU?$char_traits@D@std@@V?$allocator@D@2@@2@@Z 1000c6d0 f i Engine.obj
 0001:0000b790       ??0?$Interface@VIPackets@@@@QAE@XZ 1000c790 f i Engine.obj
 0001:0000b810       ??0?$Interface@VIProtect@@@@QAE@XZ 1000c810 f i Engine.obj
 0001:0000b890       ??0?$Interface@VIBuff@@@@QAE@XZ 1000c890 f i Engine.obj
 0001:0000b910       ??0?$basic_ifstream@DU?$char_traits@D@std@@@std@@QAE@PBDHH@Z 1000c910 f i Engine.obj
 0001:0000b9f0       ??0?$basic_ifstream@DU?$char_traits@D@std@@@std@@QAE@ABV?$basic_string@DU?$char_traits@D@std@@V?$allocator@D@2@@1@HH@Z 1000c9f0 f i Engine.obj
 0001:0000bae0       ?close@?$basic_ifstream@DU?$char_traits@D@std@@@std@@QAEXXZ 1000cae0 f i Engine.obj
 0001:0000bb50       ??1?$basic_filebuf@DU?$char_traits@D@std@@@std@@UAE@XZ 1000cb50 f i Engine.obj
 0001:0000bc10       ?_Lock@?$basic_filebuf@DU?$char_traits@D@std@@@std@@UAEXXZ 1000cc10 f i Engine.obj
 0001:0000bc20       ?_Unlock@?$basic_filebuf@DU?$char_traits@D@std@@@std@@UAEXXZ 1000cc20 f i Engine.obj
 0001:0000bc30       ?overflow@?$basic_filebuf@DU?$char_traits@D@std@@@std@@MAEHH@Z 1000cc30 f i Engine.obj
 0001:0000be30       ?pbackfail@?$basic_filebuf@DU?$char_traits@D@std@@@std@@MAEHH@Z 1000ce30 f i Engine.obj
 0001:0000bec0       ?underflow@?$basic_filebuf@DU?$char_traits@D@std@@@std@@MAEHXZ 1000cec0 f i Engine.obj
 0001:0000bf10       ?uflow@?$basic_filebuf@DU?$char_traits@D@std@@@std@@MAEHXZ 1000cf10 f i Engine.obj
 0001:0000c1b0       ?seekoff@?$basic_filebuf@DU?$char_traits@D@std@@@std@@MAE?AV?$fpos@H@2@_JHH@Z 1000d1b0 f i Engine.obj
 0001:0000c2b0       ?seekpos@?$basic_filebuf@DU?$char_traits@D@std@@@std@@MAE?AV?$fpos@H@2@V32@H@Z 1000d2b0 f i Engine.obj
 0001:0000c3a0       ?setbuf@?$basic_filebuf@DU?$char_traits@D@std@@@std@@MAEPAV?$basic_streambuf@DU?$char_traits@D@std@@@2@PAD_J@Z 1000d3a0 f i Engine.obj
 0001:0000c430       ?sync@?$basic_filebuf@DU?$char_traits@D@std@@@std@@MAEHXZ 1000d430 f i Engine.obj
 0001:0000c470       ?imbue@?$basic_filebuf@DU?$char_traits@D@std@@@std@@MAEXABVlocale@2@@Z 1000d470 f i Engine.obj
 0001:0000c4b0       ??0?$basic_stringstream@DU?$char_traits@D@std@@V?$allocator@D@2@@std@@QAE@H@Z 1000d4b0 f i Engine.obj
 0001:0000c550       ?str@?$basic_stringstream@DU?$char_traits@D@std@@V?$allocator@D@2@@std@@QBE?AV?$basic_string@DU?$char_traits@D@std@@V?$allocator@D@2@@2@XZ 1000d550 f i Engine.obj
 0001:0000c570       ??1?$basic_stringbuf@DU?$char_traits@D@std@@V?$allocator@D@2@@std@@UAE@XZ 1000d570 f i Engine.obj
 0001:0000c5e0       ?overflow@?$basic_stringbuf@DU?$char_traits@D@std@@V?$allocator@D@2@@std@@MAEHH@Z 1000d5e0 f i Engine.obj
 0001:0000c7b0       ?pbackfail@?$basic_stringbuf@DU?$char_traits@D@std@@V?$allocator@D@2@@std@@MAEHH@Z 1000d7b0 f i Engine.obj
 0001:0000c800       ?underflow@?$basic_stringbuf@DU?$char_traits@D@std@@V?$allocator@D@2@@std@@MAEHXZ 1000d800 f i Engine.obj
 0001:0000c870       ?seekoff@?$basic_stringbuf@DU?$char_traits@D@std@@V?$allocator@D@2@@std@@MAE?AV?$fpos@H@2@_JHH@Z 1000d870 f i Engine.obj
 0001:0000ca20       ?seekpos@?$basic_stringbuf@DU?$char_traits@D@std@@V?$allocator@D@2@@std@@MAE?AV?$fpos@H@2@V32@H@Z 1000da20 f i Engine.obj
 0001:0000cb50       ??_E?$basic_ifstream@DU?$char_traits@D@std@@@std@@UAEPAXI@Z 1000db50 f i  CIL library: CIL module
 0001:0000cb50       ??_G?$basic_ifstream@DU?$char_traits@D@std@@@std@@UAEPAXI@Z 1000db50 f i Engine.obj
 0001:0000cbf0       ??_G?$basic_filebuf@DU?$char_traits@D@std@@@std@@UAEPAXI@Z 1000dbf0 f i Engine.obj
 0001:0000cbf0       ??_E?$basic_filebuf@DU?$char_traits@D@std@@@std@@UAEPAXI@Z 1000dbf0 f i  CIL library: CIL module
 0001:0000cc20       ??_G?$basic_stringstream@DU?$char_traits@D@std@@V?$allocator@D@2@@std@@UAEPAXI@Z 1000dc20 f i Engine.obj
 0001:0000cc20       ??_E?$basic_stringstream@DU?$char_traits@D@std@@V?$allocator@D@2@@std@@UAEPAXI@Z 1000dc20 f i  CIL library: CIL module
 0001:0000ccb0       ??_E?$basic_stringbuf@DU?$char_traits@D@std@@V?$allocator@D@2@@std@@UAEPAXI@Z 1000dcb0 f i  CIL library: CIL module
 0001:0000ccb0       ??_G?$basic_stringbuf@DU?$char_traits@D@std@@V?$allocator@D@2@@std@@UAEPAXI@Z 1000dcb0 f i Engine.obj
 0001:0000cce0       ?_Reserve@?$vector@V?$basic_string@DU?$char_traits@D@std@@V?$allocator@D@2@@std@@V?$allocator@V?$basic_string@DU?$char_traits@D@std@@V?$allocator@D@2@@std@@@2@@std@@IAEXI@Z 1000dce0 f i Engine.obj
 0001:0000cd60       ?open@?$basic_filebuf@DU?$char_traits@D@std@@@std@@QAEPAV12@PBDHH@Z 1000dd60 f i Engine.obj
 0001:0000ce60       ?_Endwrite@?$basic_filebuf@DU?$char_traits@D@std@@@std@@IAE_NXZ 1000de60 f i Engine.obj
 0001:0000cfa0       ?_Reset_back@?$basic_filebuf@DU?$char_traits@D@std@@@std@@AAEXXZ 1000dfa0 f i Engine.obj
 0001:0000cfd0       ?_Set_back@?$basic_filebuf@DU?$char_traits@D@std@@@std@@AAEXXZ 1000dfd0 f i Engine.obj
 0001:0000d010       ?str@?$basic_stringbuf@DU?$char_traits@D@std@@V?$allocator@D@2@@std@@QBE?AV?$basic_string@DU?$char_traits@D@std@@V?$allocator@D@2@@2@XZ 1000e010 f i Engine.obj
 0001:0000d160       ?append@?$basic_string@DU?$char_traits@D@std@@V?$allocator@D@2@@std@@QAEAAV12@PBDI@Z 1000e160 f i Engine.obj
 0001:0000d280       ?reserve@?$vector@V?$basic_string@DU?$char_traits@D@std@@V?$allocator@D@2@@std@@V?$allocator@V?$basic_string@DU?$char_traits@D@std@@V?$allocator@D@2@@std@@@2@@std@@QAEXI@Z 1000e280 f i Engine.obj
 0001:0000d390       ?append@?$basic_string@DU?$char_traits@D@std@@V?$allocator@D@2@@std@@QAEAAV12@ABV12@II@Z 1000e390 f i Engine.obj
[...]
 0001:0001d400       __unwindfunclet$?EnterText@IChatbox@@QAEHV?$basic_string@DU?$char_traits@D@std@@V?$allocator@D@2@@std@@@Z$3 1001e400 f    CIL library: CIL module
 0001:0001d408       __unwindfunclet$?EnterText@IChatbox@@QAEHV?$basic_string@DU?$char_traits@D@std@@V?$allocator@D@2@@std@@@Z$4 1001e408 f    CIL library: CIL module
 0001:0001d410       __unwindfunclet$?EnterText@IChatbox@@QAEHV?$basic_string@DU?$char_traits@D@std@@V?$allocator@D@2@@std@@@Z$5 1001e410 f    CIL library: CIL module
 0001:0001d418       __ehhandler$?EnterText@IChatbox@@QAEHV?$basic_string@DU?$char_traits@D@std@@V?$allocator@D@2@@std@@@Z 1001e418 f    CIL library: CIL module
 0001:0001d440       __unwindfunclet$??_G?$basic_fstream@DU?$char_traits@D@std@@@std@@UAEPAXI@Z$0 1001e440 f    CIL library: CIL module
 0001:0001d44c       __ehhandler$??_G?$basic_fstream@DU?$char_traits@D@std@@@std@@UAEPAXI@Z 1001e44c f    CIL library: CIL module
 0001:0001d470       __unwindfunclet$?Int2String@@YA?AV?$basic_string@DU?$char_traits@D@std@@V?$allocator@D@2@@std@@H@Z$0 1001e470 f    CIL library: CIL module
 0001:0001d47b       __unwindfunclet$?Int2String@@YA?AV?$basic_string@DU?$char_traits@D@std@@V?$allocator@D@2@@std@@H@Z$1 1001e47b f    CIL library: CIL module
 0001:0001d494       __unwindfunclet$?Int2String@@YA?AV?$basic_string@DU?$char_traits@D@std@@V?$allocator@D@2@@std@@H@Z$2 1001e494 f    CIL library: CIL module
 0001:0001d4a0       __ehhandler$?Int2String@@YA?AV?$basic_string@DU?$char_traits@D@std@@V?$allocator@D@2@@std@@H@Z 1001e4a0 f    CIL library: CIL module
 0001:0001d4c0       __unwindfunclet$?push_back@?$vector@V?$basic_string@DU?$char_traits@D@std@@V?$allocator@D@2@@std@@V?$allocator@V?$basic_string@DU?$char_traits@D@std@@V?$allocator@D@2@@std@@@2@@std@@QAEXABV?$basic_string@DU?$char_traits@D@std@@V?$allocator@D@2@@2@@Z$0 1001e4c0 f    CIL library: CIL module
 0001:0001d4c5       __unwindfunclet$?push_back@?$vector@V?$basic_string@DU?$char_traits@D@std@@V?$allocator@D@2@@std@@V?$allocator@V?$basic_string@DU?$char_traits@D@std@@V?$allocator@D@2@@std@@@2@@std@@QAEXABV?$basic_string@DU?$char_traits@D@std@@V?$allocator@D@2@@2@@Z$1 1001e4c5 f    CIL library: CIL module
 0001:0001d4ca       __ehhandler$?push_back@?$vector@V?$basic_string@DU?$char_traits@D@std@@V?$allocator@D@2@@std@@V?$allocator@V?$basic_string@DU?$char_traits@D@std@@V?$allocator@D@2@@std@@@2@@std@@QAEXABV?$basic_string@DU?$char_traits@D@std@@V?$allocator@D@2@@2@@Z 1001e4ca f    CIL library: CIL module
 0001:0001d4f0       __unwindfunclet$?Explode@ITools@@UAE?AV?$vector@V?$basic_string@DU?$char_traits@D@std@@V?$allocator@D@2@@std@@V?$allocator@V?$basic_string@DU?$char_traits@D@std@@V?$allocator@D@2@@std@@@2@@std@@V?$basic_string@DU?$char_traits@D@std@@V?$allocator@D@2@@3@0@Z$0 1001e4f0 f    CIL library: CIL module
 0001:0001d4f8       __unwindfunclet$?Explode@ITools@@UAE?AV?$vector@V?$basic_string@DU?$char_traits@D@std@@V?$allocator@D@2@@std@@V?$allocator@V?$basic_string@DU?$char_traits@D@std@@V?$allocator@D@2@@std@@@2@@std@@V?$basic_string@DU?$char_traits@D@std@@V?$allocator@D@2@@3@0@Z$1 1001e4f8 f    CIL library: CIL module
 0001:0001d500       __unwindfunclet$?Explode@ITools@@UAE?AV?$vector@V?$basic_string@DU?$char_traits@D@std@@V?$allocator@D@2@@std@@V?$allocator@V?$basic_string@DU?$char_traits@D@std@@V?$allocator@D@2@@std@@@2@@std@@V?$basic_string@DU?$char_traits@D@std@@V?$allocator@D@2@@3@0@Z$2 1001e500 f    CIL library: CIL module
 0001:0001d519       __unwindfunclet$?Explode@ITools@@UAE?AV?$vector@V?$basic_string@DU?$char_traits@D@std@@V?$allocator@D@2@@std@@V?$allocator@V?$basic_string@DU?$char_traits@D@std@@V?$allocator@D@2@@std@@@2@@std@@V?$basic_string@DU?$char_traits@D@std@@V?$allocator@D@2@@3@0@Z$3 1001e519 f    CIL library: CIL module
 0001:0001d521       __unwindfunclet$?Explode@ITools@@UAE?AV?$vector@V?$basic_string@DU?$char_traits@D@std@@V?$allocator@D@2@@std@@V?$allocator@V?$basic_string@DU?$char_traits@D@std@@V?$allocator@D@2@@std@@@2@@std@@V?$basic_string@DU?$char_traits@D@std@@V?$allocator@D@2@@3@0@Z$5 1001e521 f    CIL library: CIL module
 0001:0001d526       __unwindfunclet$?Explode@ITools@@UAE?AV?$vector@V?$basic_string@DU?$char_traits@D@std@@V?$allocator@D@2@@std@@V?$allocator@V?$basic_string@DU?$char_traits@D@std@@V?$allocator@D@2@@std@@@2@@std@@V?$basic_string@DU?$char_traits@D@std@@V?$allocator@D@2@@3@0@Z$6 1001e526 f    CIL library: CIL module
 0001:0001d52b       __unwindfunclet$?Explode@ITools@@UAE?AV?$vector@V?$basic_string@DU?$char_traits@D@std@@V?$allocator@D@2@@std@@V?$allocator@V?$basic_string@DU?$char_traits@D@std@@V?$allocator@D@2@@std@@@2@@std@@V?$basic_string@DU?$char_traits@D@std@@V?$allocator@D@2@@3@0@Z$4 1001e52b f    CIL library: CIL module
 0001:0001d533       __ehhandler$?Explode@ITools@@UAE?AV?$vector@V?$basic_string@DU?$char_traits@D@std@@V?$allocator@D@2@@std@@V?$allocator@V?$basic_string@DU?$char_traits@D@std@@V?$allocator@D@2@@std@@@2@@std@@V?$basic_string@DU?$char_traits@D@std@@V?$allocator@D@2@@3@0@Z 1001e533 f    CIL library: CIL module
 0001:0001d560       __unwindfunclet$?getHWID@@YA?AV?$basic_string@DU?$char_traits@D@std@@V?$allocator@D@2@@std@@XZ$0 1001e560 f    CIL library: CIL module
 0001:0001d56b       __unwindfunclet$?getHWID@@YA?AV?$basic_string@DU?$char_traits@D@std@@V?$allocator@D@2@@std@@XZ$1 1001e56b f    CIL library: CIL module
 0001:0001d576       __unwindfunclet$?getHWID@@YA?AV?$basic_string@DU?$char_traits@D@std@@V?$allocator@D@2@@std@@XZ$2 1001e576 f    CIL library: CIL module
 0001:0001d581       __unwindfunclet$?getHWID@@YA?AV?$basic_string@DU?$char_traits@D@std@@V?$allocator@D@2@@std@@XZ$3 1001e581 f    CIL library: CIL module
 0001:0001d58c       __unwindfunclet$?getHWID@@YA?AV?$basic_string@DU?$char_traits@D@std@@V?$allocator@D@2@@std@@XZ$4 1001e58c f    CIL library: CIL module
 0001:0001d597       __ehhandler$?getHWID@@YA?AV?$basic_string@DU?$char_traits@D@std@@V?$allocator@D@2@@std@@XZ 1001e597 f    CIL library: CIL module
 0001:0001d5d0       __unwindfunclet$?Send@IPackets@@QAEHEV?$basic_string@DU?$char_traits@D@std@@V?$allocator@D@2@@std@@PAD@Z$0 1001e5d0 f    CIL library: CIL module
 0001:0001d5d8       __unwindfunclet$?Send@IPackets@@QAEHEV?$basic_string@DU?$char_traits@D@std@@V?$allocator@D@2@@std@@PAD@Z$1 1001e5d8 f    CIL library: CIL module
 0001:0001d5e0       __unwindfunclet$?Send@IPackets@@QAEHEV?$basic_string@DU?$char_traits@D@std@@V?$allocator@D@2@@std@@PAD@Z$6 1001e5e0 f    CIL library: CIL module
 0001:0001d5e8       __unwindfunclet$?Send@IPackets@@QAEHEV?$basic_string@DU?$char_traits@D@std@@V?$allocator@D@2@@std@@PAD@Z$10 1001e5e8 f    CIL library: CIL module
 0001:0001d5f3       __unwindfunclet$?Send@IPackets@@QAEHEV?$basic_string@DU?$char_traits@D@std@@V?$allocator@D@2@@std@@PAD@Z$11 1001e5f3 f    CIL library: CIL module
 0001:0001d5fb       __unwindfunclet$?Send@IPackets@@QAEHEV?$basic_string@DU?$char_traits@D@std@@V?$allocator@D@2@@std@@PAD@Z$12 1001e5fb f    CIL library: CIL module
 0001:0001d606       __unwindfunclet$?Send@IPackets@@QAEHEV?$basic_string@DU?$char_traits@D@std@@V?$allocator@D@2@@std@@PAD@Z$21 1001e606 f    CIL library: CIL module
 0001:0001d615       __unwindfunclet$?Send@IPackets@@QAEHEV?$basic_string@DU?$char_traits@D@std@@V?$allocator@D@2@@std@@PAD@Z$23 1001e615 f    CIL library: CIL module
 0001:0001d624       __unwindfunclet$?Send@IPackets@@QAEHEV?$basic_string@DU?$char_traits@D@std@@V?$allocator@D@2@@std@@PAD@Z$15 1001e624 f    CIL library: CIL module
 0001:0001d643       __unwindfunclet$?Send@IPackets@@QAEHEV?$basic_string@DU?$char_traits@D@std@@V?$allocator@D@2@@std@@PAD@Z$16 1001e643 f    CIL library: CIL module
 0001:0001d662       __unwindfunclet$?Send@IPackets@@QAEHEV?$basic_string@DU?$char_traits@D@std@@V?$allocator@D@2@@std@@PAD@Z$17 1001e662 f    CIL library: CIL module
 0001:0001d681       __unwindfunclet$?Send@IPackets@@QAEHEV?$basic_string@DU?$char_traits@D@std@@V?$allocator@D@2@@std@@PAD@Z$18 1001e681 f    CIL library: CIL module
 0001:0001d6a0       __unwindfunclet$?Send@IPackets@@QAEHEV?$basic_string@DU?$char_traits@D@std@@V?$allocator@D@2@@std@@PAD@Z$19 1001e6a0 f    CIL library: CIL module
 0001:0001d6c2       __ehhandler$?Send@IPackets@@QAEHEV?$basic_string@DU?$char_traits@D@std@@V?$allocator@D@2@@std@@PAD@Z 1001e6c2 f    CIL library: CIL module
 0001:0001d6f0       __unwindfunclet$?Send@IPackets@@QAAHEV?$basic_string@DU?$char_traits@D@std@@V?$allocator@D@2@@std@@ZZ$0 1001e6f0 f    CIL library: CIL module
 0001:0001d6f8       __ehhandler$?Send@IPackets@@QAAHEV?$basic_string@DU?$char_traits@D@std@@V?$allocator@D@2@@std@@ZZ 1001e6f8 f    CIL library: CIL module
 0001:0001d720       __unwindfunclet$?ChecksumCheck@@YAXPAX@Z$0 1001e720 f    CIL library: CIL module
 0001:0001d72b       __unwindfunclet$?ChecksumCheck@@YAXPAX@Z$1 1001e72b f    CIL library: CIL module
 0001:0001d736       __unwindfunclet$?ChecksumCheck@@YAXPAX@Z$2 1001e736 f    CIL library: CIL module
 0001:0001d741       __unwindfunclet$?ChecksumCheck@@YAXPAX@Z$11 1001e741 f    CIL library: CIL module
 0001:0001d750       __unwindfunclet$?ChecksumCheck@@YAXPAX@Z$6 1001e750 f    CIL library: CIL module
 0001:0001d75b       __unwindfunclet$?ChecksumCheck@@YAXPAX@Z$15 1001e75b f    CIL library: CIL module
 0001:0001d77e       __unwindfunclet$?ChecksumCheck@@YAXPAX@Z$16 1001e77e f    CIL library: CIL module
 0001:0001d78a       __unwindfunclet$?ChecksumCheck@@YAXPAX@Z$18 1001e78a f    CIL library: CIL module
 0001:0001d796       __unwindfunclet$?ChecksumCheck@@YAXPAX@Z$9 1001e796 f    CIL library: CIL module
 0001:0001d7a1       __unwindfunclet$?ChecksumCheck@@YAXPAX@Z$19 1001e7a1 f    CIL library: CIL module
 0001:0001d7b0       __unwindfunclet$?ChecksumCheck@@YAXPAX@Z$3 1001e7b0 f    CIL library: CIL module
 0001:0001d7bb       __unwindfunclet$?ChecksumCheck@@YAXPAX@Z$21 1001e7bb f    CIL library: CIL module
 0001:0001d7ca       __unwindfunclet$?ChecksumCheck@@YAXPAX@Z$13 1001e7ca f    CIL library: CIL module
 0001:0001d7d9       __ehhandler$?ChecksumCheck@@YAXPAX@Z 1001e7d9 f    CIL library: CIL module
 0001:0001d810       __unwindfunclet$?Recv@IPackets@@QAEHPAUPacket@Engine@@@Z$3 1001e810 f    CIL library: CIL module
 0001:0001d81b       __unwindfunclet$?Recv@IPackets@@QAEHPAUPacket@Engine@@@Z$4 1001e81b f    CIL library: CIL module
 0001:0001d826       __unwindfunclet$?Recv@IPackets@@QAEHPAUPacket@Engine@@@Z$5 1001e826 f    CIL library: CIL module
 0001:0001d833       __unwindfunclet$?Recv@IPackets@@QAEHPAUPacket@Engine@@@Z$63 1001e833 f    CIL library: CIL module
 0001:0001d83e       __unwindfunclet$?Recv@IPackets@@QAEHPAUPacket@Engine@@@Z$9 1001e83e f    CIL library: CIL module
 0001:0001d849       __unwindfunclet$?Recv@IPackets@@QAEHPAUPacket@Engine@@@Z$11 1001e849 f    CIL library: CIL module
 0001:0001d86b       __unwindfunclet$?Recv@IPackets@@QAEHPAUPacket@Engine@@@Z$12 1001e86b f    CIL library: CIL module
 0001:0001d876       __unwindfunclet$?Recv@IPackets@@QAEHPAUPacket@Engine@@@Z$18 1001e876 f    CIL library: CIL module
 0001:0001d881       __unwindfunclet$?Recv@IPackets@@QAEHPAUPacket@Engine@@@Z$19 1001e881 f    CIL library: CIL module
 0001:0001d88c       __unwindfunclet$?Recv@IPackets@@QAEHPAUPacket@Engine@@@Z$20 1001e88c f    CIL library: CIL module
 0001:0001d897       __unwindfunclet$?Recv@IPackets@@QAEHPAUPacket@Engine@@@Z$21 1001e897 f    CIL library: CIL module
 0001:0001d8a2       __unwindfunclet$?Recv@IPackets@@QAEHPAUPacket@Engine@@@Z$22 1001e8a2 f    CIL library: CIL module
 0001:0001d8ad       __unwindfunclet$?Recv@IPackets@@QAEHPAUPacket@Engine@@@Z$23 1001e8ad f    CIL library: CIL module
 0001:0001d8b8       __unwindfunclet$?Recv@IPackets@@QAEHPAUPacket@Engine@@@Z$24 1001e8b8 f    CIL library: CIL module
 0001:0001d8c3       __unwindfunclet$?Recv@IPackets@@QAEHPAUPacket@Engine@@@Z$25 1001e8c3 f    CIL library: CIL module
 0001:0001d8ce       __unwindfunclet$?Recv@IPackets@@QAEHPAUPacket@Engine@@@Z$26 1001e8ce f    CIL library: CIL module
 0001:0001d8d9       __unwindfunclet$?Recv@IPackets@@QAEHPAUPacket@Engine@@@Z$27 1001e8d9 f    CIL library: CIL module
 0001:0001d8e4       __unwindfunclet$?Recv@IPackets@@QAEHPAUPacket@Engine@@@Z$30 1001e8e4 f    CIL library: CIL module
 0001:0001d8ef       __unwindfunclet$?Recv@IPackets@@QAEHPAUPacket@Engine@@@Z$34 1001e8ef f    CIL library: CIL module
 0001:0001d8fa       __unwindfunclet$?Recv@IPackets@@QAEHPAUPacket@Engine@@@Z$38 1001e8fa f    CIL library: CIL module
 0001:0001d905       __unwindfunclet$?Recv@IPackets@@QAEHPAUPacket@Engine@@@Z$39 1001e905 f    CIL library: CIL module
 0001:0001d910       __unwindfunclet$?Recv@IPackets@@QAEHPAUPacket@Engine@@@Z$40 1001e910 f    CIL library: CIL module
 0001:0001d91b       __unwindfunclet$?Recv@IPackets@@QAEHPAUPacket@Engine@@@Z$41 1001e91b f    CIL library: CIL module
 0001:0001d926       __unwindfunclet$?Recv@IPackets@@QAEHPAUPacket@Engine@@@Z$42 1001e926 f    CIL library: CIL module
 0001:0001d931       __unwindfunclet$?Recv@IPackets@@QAEHPAUPacket@Engine@@@Z$43 1001e931 f    CIL library: CIL module
 0001:0001d93c       __unwindfunclet$?Recv@IPackets@@QAEHPAUPacket@Engine@@@Z$44 1001e93c f    CIL library: CIL module
 0001:0001d947       __unwindfunclet$?Recv@IPackets@@QAEHPAUPacket@Engine@@@Z$45 1001e947 f    CIL library: CIL module
 0001:0001d952       __unwindfunclet$?Recv@IPackets@@QAEHPAUPacket@Engine@@@Z$46 1001e952 f    CIL library: CIL module
 0001:0001d95d       __unwindfunclet$?Recv@IPackets@@QAEHPAUPacket@Engine@@@Z$47 1001e95d f    CIL library: CIL module
 0001:0001d968       __unwindfunclet$?Recv@IPackets@@QAEHPAUPacket@Engine@@@Z$48 1001e968 f    CIL library: CIL module
 0001:0001d973       __unwindfunclet$?Recv@IPackets@@QAEHPAUPacket@Engine@@@Z$49 1001e973 f    CIL library: CIL module
 0001:0001d97e       __unwindfunclet$?Recv@IPackets@@QAEHPAUPacket@Engine@@@Z$50 1001e97e f    CIL library: CIL module
 0001:0001d989       __unwindfunclet$?Recv@IPackets@@QAEHPAUPacket@Engine@@@Z$51 1001e989 f    CIL library: CIL module
 0001:0001d9ab       __unwindfunclet$?Recv@IPackets@@QAEHPAUPacket@Engine@@@Z$52 1001e9ab f    CIL library: CIL module
 0001:0001d9cd       __unwindfunclet$?Recv@IPackets@@QAEHPAUPacket@Engine@@@Z$53 1001e9cd f    CIL library: CIL module
 0001:0001d9ef       __unwindfunclet$?Recv@IPackets@@QAEHPAUPacket@Engine@@@Z$54 1001e9ef f    CIL library: CIL module
 0001:0001d9fa       __unwindfunclet$?Recv@IPackets@@QAEHPAUPacket@Engine@@@Z$55 1001e9fa f    CIL library: CIL module
 0001:0001da05       __unwindfunclet$?Recv@IPackets@@QAEHPAUPacket@Engine@@@Z$56 1001ea05 f    CIL library: CIL module
 0001:0001da10       __unwindfunclet$?Recv@IPackets@@QAEHPAUPacket@Engine@@@Z$57 1001ea10 f    CIL library: CIL module
 0001:0001da1b       __unwindfunclet$?Recv@IPackets@@QAEHPAUPacket@Engine@@@Z$58 1001ea1b f    CIL library: CIL module
 0001:0001da26       __ehhandler$?Recv@IPackets@@QAEHPAUPacket@Engine@@@Z 1001ea26 f    CIL library: CIL module
 0001:0001da60       __unwindfunclet$??__FSeenPlayers@@YAXXZ$1 1001ea60 f    CIL library: CIL module
 0001:0001da65       __ehhandler$??__FSeenPlayers@@YAXXZ 1001ea65 f    CIL library: CIL module
 0001:0001da80       __unwindfunclet$??__FFxs@@YAXXZ$1 1001ea80 f    CIL library: CIL module
 0001:0001da85       __ehhandler$??__FFxs@@YAXXZ 1001ea85 f    CIL library: CIL module
 0001:0001daa0       __unwindfunclet$??__FPlayerNames@@YAXXZ$1 1001eaa0 f    CIL library: CIL module
 0001:0001daaa       __ehhandler$??__FPlayerNames@@YAXXZ 1001eaaa f    CIL library: CIL module
 0001:0001dad0       __unwindfunclet$??__FIgnorePlayers@@YAXXZ$1 1001ead0 f    CIL library: CIL module
 0001:0001dad5       __ehhandler$??__FIgnorePlayers@@YAXXZ 1001ead5 f    CIL library: CIL module
 0001:0001daf0       ??__Ebase64_chars@@YAXXZ   1001eaf0 f    CIL library: CIL module
 0001:0001db20       ??__E__i_Init_IChatbox@@YAXXZ 1001eb20 f    CIL library: CIL module
 0001:0001db40       ??__E__i_Init_IGraphics@@YAXXZ 1001eb40 f    CIL library: CIL module
 0001:0001db60       ??__E__i_Init_IOnSend@@YAXXZ 1001eb60 f    CIL library: CIL module
 0001:0001db80       ??__E__i_Init_IPackets@@YAXXZ 1001eb80 f    CIL library: CIL module
 0001:0001dba0       ??__ESeenPlayers@@YAXXZ    1001eba0 f    CIL library: CIL module
 0001:0001dc20       ??__ESummonedNPCs@@YAXXZ   1001ec20 f    CIL library: CIL module
 0001:0001dc30       ??__EPlayerNames@@YAXXZ    1001ec30 f    CIL library: CIL module
 0001:0001dcb0       ??__EIgnorePlayers@@YAXXZ  1001ecb0 f    CIL library: CIL module
 0001:0001dd30       ??__EFxs@@YAXXZ            1001ed30 f    CIL library: CIL module
 0001:0001ddb0       ??__ENKey@@YAXXZ           1001edb0 f    CIL library: CIL module
 0001:0001de10       ??__ETick@@YAXXZ           1001ee10 f    CIL library: CIL module
 0001:0001de20       ??__EID@@YAXXZ             1001ee20 f    CIL library: CIL module
 0001:0001de50       ??__EPWD@@YAXXZ            1001ee50 f    CIL library: CIL module
 0001:0001de80       ??__EfxLock@@YAXXZ         1001ee80 f    CIL library: CIL module
 0001:0001dea0       ??__E__i_Init_IProtect@@YAXXZ 1001eea0 f    CIL library: CIL module
 0001:0001dec0       ??__EforbiddenChars@@YAXXZ 1001eec0 f    CIL library: CIL module
 0001:0001def0       ??__E__i_Init_ITools@@YAXXZ 1001eef0 f    CIL library: CIL module
 0001:0001df10       ??__EsetCheck@@YAXXZ       1001ef10 f    CIL library: CIL module
 0001:0001df40       ??__Emac@@YAXXZ            1001ef40 f    CIL library: CIL module
 0001:0001df70       ??__EbuffLock@@YAXXZ       1001ef70 f    CIL library: CIL module
 0001:0001df90       ??__EPacketLock@@YAXXZ     1001ef90 f    CIL library: CIL module
 0001:0001dfb0       ??__EBuffIcons@@YAXXZ      1001efb0 f    CIL library: CIL module
 0001:0001dfc0       ??__EMD5Files@@YAXXZ       1001efc0 f    CIL library: CIL module
 0001:0001dfcc       ??__E_Fac_tidy_reg@std@@YAXXZ 1001efcc f   msvcprt:locale0_implib.obj
 0001:0001dfe0       ??__Fbase64_chars@@YAXXZ   1001efe0 f    CIL library: CIL module
 0001:0001e010       ??__F__i_Init_IChatbox@@YAXXZ 1001f010 f    CIL library: CIL module
 0001:0001e020       ??__F__i_Init_IGraphics@@YAXXZ 1001f020 f    CIL library: CIL module
 0001:0001e030       ??__F__i_Init_IOnSend@@YAXXZ 1001f030 f    CIL library: CIL module
 0001:0001e040       ??__F__i_Init_IPackets@@YAXXZ 1001f040 f    CIL library: CIL module
 0001:0001e050       ??__FSeenPlayers@@YAXXZ    1001f050 f    CIL library: CIL module
 0001:0001e0b0       ??__FSummonedNPCs@@YAXXZ   1001f0b0 f    CIL library: CIL module
 0001:0001e0f0       ??__FPlayerNames@@YAXXZ    1001f0f0 f    CIL library: CIL module
 0001:0001e160       ??__FIgnorePlayers@@YAXXZ  1001f160 f    CIL library: CIL module
 0001:0001e1c0       ??__FFxs@@YAXXZ            1001f1c0 f    CIL library: CIL module
 0001:0001e220       ??__FPWD@@YAXXZ            1001f220 f    CIL library: CIL module
 0001:0001e250       ??__FID@@YAXXZ             1001f250 f    CIL library: CIL module
 0001:0001e280       ??__FfxLock@@YAXXZ         1001f280 f    CIL library: CIL module
 0001:0001e2a0       ??__F__i_Init_IProtect@@YAXXZ 1001f2a0 f    CIL library: CIL module
 0001:0001e2b0       ??__FforbiddenChars@@YAXXZ 1001f2b0 f    CIL library: CIL module
 0001:0001e2e0       ??__F__i_Init_ITools@@YAXXZ 1001f2e0 f    CIL library: CIL module
 0001:0001e2f0       ??__FsetCheck@@YAXXZ       1001f2f0 f    CIL library: CIL module
 0001:0001e320       ??__Fmac@@YAXXZ            1001f320 f    CIL library: CIL module
 0001:0001e350       ??__FbuffLock@@YAXXZ       1001f350 f    CIL library: CIL module
 0001:0001e370       ??__FPacketLock@@YAXXZ     1001f370 f    CIL library: CIL module
 0001:0001e390       ??__FBuffIcons@@YAXXZ      1001f390 f    CIL library: CIL module
 0001:0001e3d0       ??__FMD5Files@@YAXXZ       1001f3d0 f    CIL library: CIL module
 0001:0001e414       ??__F_Fac_tidy_reg@std@@YAXXZ 1001f414 f   msvcprt:locale0_implib.obj
